[0.144s] Invoking command in '/home/amigo-pi/amigo_ros2_pi/build/ublox': AMENT_PREFIX_PATH=/home/amigo-pi/amigo_ros2_pi/install/ublox_gps:/home/amigo-pi/amigo_ros2_pi/install/ublox_msgs:/home/amigo-pi/amigo_ros2_pi/install/ublox_serialization:${AMENT_PREFIX_PATH} CMAKE_PREFIX_PATH=/home/amigo-pi/amigo_ros2_pi/install/ublox_gps:/home/amigo-pi/amigo_ros2_pi/install/ublox_msgs:/home/amigo-pi/amigo_ros2_pi/install/ublox_serialization:/opt/ros/humble LD_LIBRARY_PATH=/home/amigo-pi/amigo_ros2_pi/install/ublox_gps/lib:/home/amigo-pi/amigo_ros2_pi/install/ublox_msgs/lib:${LD_LIBRARY_PATH} PYTHONPATH=/home/amigo-pi/amigo_ros2_pi/install/ublox_msgs/local/lib/python3.10/dist-packages:${PYTHONPATH} /usr/bin/cmake /home/amigo-pi/amigo_ros2_pi/src/ros2-ublox-zedf9p/ublox -DCMAKE_INSTALL_PREFIX=/home/amigo-pi/amigo_ros2_pi/install/ublox
[1.024s] -- The C compiler identification is GNU 11.4.0
[1.423s] -- The CXX compiler identification is GNU 11.4.0
[1.492s] -- Detecting C compiler ABI info
[1.981s] -- Detecting C compiler ABI info - done
[2.031s] -- Check for working C compiler: /usr/bin/cc - skipped
[2.036s] -- Detecting C compile features
[2.044s] -- Detecting C compile features - done
[2.078s] -- Detecting CXX compiler ABI info
[2.591s] -- Detecting CXX compiler ABI info - done
[2.622s] -- Check for working CXX compiler: /usr/bin/c++ - skipped
[2.622s] -- Detecting CXX compile features
[2.625s] -- Detecting CXX compile features - done
[2.734s] -- Found ament_cmake: 1.3.11 (/opt/ros/humble/share/ament_cmake/cmake)
[4.011s] -- Found Python3: /usr/bin/python3 (found version "3.10.12") found components: Interpreter 
[5.150s] -- Configuring done
[5.168s] -- Generating done
[5.176s] -- Build files have been written to: /home/amigo-pi/amigo_ros2_pi/build/ublox
[5.190s] Invoked command in '/home/amigo-pi/amigo_ros2_pi/build/ublox' returned '0': AMENT_PREFIX_PATH=/home/amigo-pi/amigo_ros2_pi/install/ublox_gps:/home/amigo-pi/amigo_ros2_pi/install/ublox_msgs:/home/amigo-pi/amigo_ros2_pi/install/ublox_serialization:${AMENT_PREFIX_PATH} CMAKE_PREFIX_PATH=/home/amigo-pi/amigo_ros2_pi/install/ublox_gps:/home/amigo-pi/amigo_ros2_pi/install/ublox_msgs:/home/amigo-pi/amigo_ros2_pi/install/ublox_serialization:/opt/ros/humble LD_LIBRARY_PATH=/home/amigo-pi/amigo_ros2_pi/install/ublox_gps/lib:/home/amigo-pi/amigo_ros2_pi/install/ublox_msgs/lib:${LD_LIBRARY_PATH} PYTHONPATH=/home/amigo-pi/amigo_ros2_pi/install/ublox_msgs/local/lib/python3.10/dist-packages:${PYTHONPATH} /usr/bin/cmake /home/amigo-pi/amigo_ros2_pi/src/ros2-ublox-zedf9p/ublox -DCMAKE_INSTALL_PREFIX=/home/amigo-pi/amigo_ros2_pi/install/ublox
[5.201s] Invoking command in '/home/amigo-pi/amigo_ros2_pi/build/ublox': AMENT_PREFIX_PATH=/home/amigo-pi/amigo_ros2_pi/install/ublox_gps:/home/amigo-pi/amigo_ros2_pi/install/ublox_msgs:/home/amigo-pi/amigo_ros2_pi/install/ublox_serialization:${AMENT_PREFIX_PATH} CMAKE_PREFIX_PATH=/home/amigo-pi/amigo_ros2_pi/install/ublox_gps:/home/amigo-pi/amigo_ros2_pi/install/ublox_msgs:/home/amigo-pi/amigo_ros2_pi/install/ublox_serialization:/opt/ros/humble LD_LIBRARY_PATH=/home/amigo-pi/amigo_ros2_pi/install/ublox_gps/lib:/home/amigo-pi/amigo_ros2_pi/install/ublox_msgs/lib:${LD_LIBRARY_PATH} PYTHONPATH=/home/amigo-pi/amigo_ros2_pi/install/ublox_msgs/local/lib/python3.10/dist-packages:${PYTHONPATH} /usr/bin/cmake --build /home/amigo-pi/amigo_ros2_pi/build/ublox -- -j4 -l4
[5.357s] Invoked command in '/home/amigo-pi/amigo_ros2_pi/build/ublox' returned '0': AMENT_PREFIX_PATH=/home/amigo-pi/amigo_ros2_pi/install/ublox_gps:/home/amigo-pi/amigo_ros2_pi/install/ublox_msgs:/home/amigo-pi/amigo_ros2_pi/install/ublox_serialization:${AMENT_PREFIX_PATH} CMAKE_PREFIX_PATH=/home/amigo-pi/amigo_ros2_pi/install/ublox_gps:/home/amigo-pi/amigo_ros2_pi/install/ublox_msgs:/home/amigo-pi/amigo_ros2_pi/install/ublox_serialization:/opt/ros/humble LD_LIBRARY_PATH=/home/amigo-pi/amigo_ros2_pi/install/ublox_gps/lib:/home/amigo-pi/amigo_ros2_pi/install/ublox_msgs/lib:${LD_LIBRARY_PATH} PYTHONPATH=/home/amigo-pi/amigo_ros2_pi/install/ublox_msgs/local/lib/python3.10/dist-packages:${PYTHONPATH} /usr/bin/cmake --build /home/amigo-pi/amigo_ros2_pi/build/ublox -- -j4 -l4
[5.367s] Invoking command in '/home/amigo-pi/amigo_ros2_pi/build/ublox': AMENT_PREFIX_PATH=/home/amigo-pi/amigo_ros2_pi/install/ublox_gps:/home/amigo-pi/amigo_ros2_pi/install/ublox_msgs:/home/amigo-pi/amigo_ros2_pi/install/ublox_serialization:${AMENT_PREFIX_PATH} CMAKE_PREFIX_PATH=/home/amigo-pi/amigo_ros2_pi/install/ublox_gps:/home/amigo-pi/amigo_ros2_pi/install/ublox_msgs:/home/amigo-pi/amigo_ros2_pi/install/ublox_serialization:/opt/ros/humble LD_LIBRARY_PATH=/home/amigo-pi/amigo_ros2_pi/install/ublox_gps/lib:/home/amigo-pi/amigo_ros2_pi/install/ublox_msgs/lib:${LD_LIBRARY_PATH} PYTHONPATH=/home/amigo-pi/amigo_ros2_pi/install/ublox_msgs/local/lib/python3.10/dist-packages:${PYTHONPATH} /usr/bin/cmake --install /home/amigo-pi/amigo_ros2_pi/build/ublox
[5.396s] -- Install configuration: ""
[5.397s] -- Installing: /home/amigo-pi/amigo_ros2_pi/install/ublox/share/ament_index/resource_index/package_run_dependencies/ublox
[5.399s] -- Installing: /home/amigo-pi/amigo_ros2_pi/install/ublox/share/ament_index/resource_index/parent_prefix_path/ublox
[5.400s] -- Installing: /home/amigo-pi/amigo_ros2_pi/install/ublox/share/ublox/environment/ament_prefix_path.sh
[5.401s] -- Installing: /home/amigo-pi/amigo_ros2_pi/install/ublox/share/ublox/environment/ament_prefix_path.dsv
[5.403s] -- Installing: /home/amigo-pi/amigo_ros2_pi/install/ublox/share/ublox/environment/path.sh
[5.404s] -- Installing: /home/amigo-pi/amigo_ros2_pi/install/ublox/share/ublox/environment/path.dsv
[5.405s] -- Installing: /home/amigo-pi/amigo_ros2_pi/install/ublox/share/ublox/local_setup.bash
[5.406s] -- Installing: /home/amigo-pi/amigo_ros2_pi/install/ublox/share/ublox/local_setup.sh
[5.407s] -- Installing: /home/amigo-pi/amigo_ros2_pi/install/ublox/share/ublox/local_setup.zsh
[5.408s] -- Installing: /home/amigo-pi/amigo_ros2_pi/install/ublox/share/ublox/local_setup.dsv
[5.409s] -- Installing: /home/amigo-pi/amigo_ros2_pi/install/ublox/share/ublox/package.dsv
[5.410s] -- Installing: /home/amigo-pi/amigo_ros2_pi/install/ublox/share/ament_index/resource_index/packages/ublox
[5.411s] -- Installing: /home/amigo-pi/amigo_ros2_pi/install/ublox/share/ublox/cmake/ubloxConfig.cmake
[5.412s] -- Installing: /home/amigo-pi/amigo_ros2_pi/install/ublox/share/ublox/cmake/ubloxConfig-version.cmake
[5.413s] -- Installing: /home/amigo-pi/amigo_ros2_pi/install/ublox/share/ublox/package.xml
[5.421s] Invoked command in '/home/amigo-pi/amigo_ros2_pi/build/ublox' returned '0': AMENT_PREFIX_PATH=/home/amigo-pi/amigo_ros2_pi/install/ublox_gps:/home/amigo-pi/amigo_ros2_pi/install/ublox_msgs:/home/amigo-pi/amigo_ros2_pi/install/ublox_serialization:${AMENT_PREFIX_PATH} CMAKE_PREFIX_PATH=/home/amigo-pi/amigo_ros2_pi/install/ublox_gps:/home/amigo-pi/amigo_ros2_pi/install/ublox_msgs:/home/amigo-pi/amigo_ros2_pi/install/ublox_serialization:/opt/ros/humble LD_LIBRARY_PATH=/home/amigo-pi/amigo_ros2_pi/install/ublox_gps/lib:/home/amigo-pi/amigo_ros2_pi/install/ublox_msgs/lib:${LD_LIBRARY_PATH} PYTHONPATH=/home/amigo-pi/amigo_ros2_pi/install/ublox_msgs/local/lib/python3.10/dist-packages:${PYTHONPATH} /usr/bin/cmake --install /home/amigo-pi/amigo_ros2_pi/build/ublox
