[0.469s] DEBUG:colcon:Command line arguments: ['/usr/bin/colcon', 'build', '--packages-up-to', 'ublox_gps']
[0.469s] DEBUG:colcon:Parsed command line arguments: Namespace(log_base=None, log_level=None, verb_name='build', build_base='build', install_base='install', merge_install=False, symlink_install=False, test_result_base=None, continue_on_error=False, executor='parallel', parallel_workers=4, event_handlers=None, ignore_user_meta=False, metas=['./colcon.meta'], base_paths=['.'], packages_ignore=None, packages_ignore_regex=None, paths=None, packages_up_to=['ublox_gps'], packages_up_to_regex=None, packages_above=None, packages_above_and_dependencies=None, packages_above_depth=None, packages_select_by_dep=None, packages_skip_by_dep=None, packages_skip_up_to=None, packages_select_build_failed=False, packages_skip_build_finished=False, packages_select_test_failures=False, packages_skip_test_passed=False, packages_select=None, packages_skip=None, packages_select_regex=None, packages_skip_regex=None, packages_start=None, packages_end=None, allow_overriding=[], cmake_args=None, cmake_target=None, cmake_target_skip_unavailable=False, cmake_clean_cache=False, cmake_clean_first=False, cmake_force_configure=False, ament_cmake_args=None, catkin_cmake_args=None, catkin_skip_building_tests=False, mixin_files=None, mixin=None, verb_parser=<colcon_mixin.mixin.mixin_argument.MixinArgumentDecorator object at 0xffffb0ef5c60>, verb_extension=<colcon_core.verb.build.BuildVerb object at 0xffffb109abf0>, main=<bound method BuildVerb.main of <colcon_core.verb.build.BuildVerb object at 0xffffb109abf0>>, mixin_verb=('build',))
[1.365s] Level 1:colcon.colcon_core.package_discovery:discover_packages(colcon_meta) check parameters
[1.366s] Level 1:colcon.colcon_core.package_discovery:discover_packages(recursive) check parameters
[1.366s] Level 1:colcon.colcon_core.package_discovery:discover_packages(ignore) check parameters
[1.366s] Level 1:colcon.colcon_core.package_discovery:discover_packages(path) check parameters
[1.366s] Level 1:colcon.colcon_core.package_discovery:discover_packages(colcon_meta) discover
[1.366s] Level 1:colcon.colcon_core.package_discovery:discover_packages(recursive) discover
[1.366s] INFO:colcon.colcon_core.package_discovery:Crawling recursively for packages in '/home/amigo-pi/amigo_ros2_pi'
[1.367s] Level 1:colcon.colcon_core.package_identification:_identify(.) by extensions ['ignore', 'ignore_ament_install']
[1.367s] Level 1:colcon.colcon_core.package_identification:_identify(.) by extension 'ignore'
[1.368s] Level 1:colcon.colcon_core.package_identification:_identify(.) by extension 'ignore_ament_install'
[1.368s] Level 1:colcon.colcon_core.package_identification:_identify(.) by extensions ['colcon_pkg']
[1.368s] Level 1:colcon.colcon_core.package_identification:_identify(.) by extension 'colcon_pkg'
[1.368s] Level 1:colcon.colcon_core.package_identification:_identify(.) by extensions ['colcon_meta']
[1.368s] Level 1:colcon.colcon_core.package_identification:_identify(.) by extension 'colcon_meta'
[1.368s] Level 1:colcon.colcon_core.package_identification:_identify(.) by extensions ['ros']
[1.368s] Level 1:colcon.colcon_core.package_identification:_identify(.) by extension 'ros'
[1.412s] Level 1:colcon.colcon_core.package_identification:_identify(.) by extensions ['cmake', 'python']
[1.412s] Level 1:colcon.colcon_core.package_identification:_identify(.) by extension 'cmake'
[1.412s] Level 1:colcon.colcon_core.package_identification:_identify(.) by extension 'python'
[1.413s] Level 1:colcon.colcon_core.package_identification:_identify(.) by extensions ['python_setup_py']
[1.413s] Level 1:colcon.colcon_core.package_identification:_identify(.) by extension 'python_setup_py'
[1.413s] Level 1:colcon.colcon_core.package_identification:_identify(build) by extensions ['ignore', 'ignore_ament_install']
[1.414s] Level 1:colcon.colcon_core.package_identification:_identify(build) by extension 'ignore'
[1.414s] Level 1:colcon.colcon_core.package_identification:_identify(build) ignored
[1.414s] Level 1:colcon.colcon_core.package_identification:_identify(install) by extensions ['ignore', 'ignore_ament_install']
[1.415s] Level 1:colcon.colcon_core.package_identification:_identify(install) by extension 'ignore'
[1.415s] Level 1:colcon.colcon_core.package_identification:_identify(install) ignored
[1.415s] Level 1:colcon.colcon_core.package_identification:_identify(log) by extensions ['ignore', 'ignore_ament_install']
[1.416s] Level 1:colcon.colcon_core.package_identification:_identify(log) by extension 'ignore'
[1.416s] Level 1:colcon.colcon_core.package_identification:_identify(log) ignored
[1.416s] Level 1:colcon.colcon_core.package_identification:_identify(src) by extensions ['ignore', 'ignore_ament_install']
[1.416s] Level 1:colcon.colcon_core.package_identification:_identify(src) by extension 'ignore'
[1.417s] Level 1:colcon.colcon_core.package_identification:_identify(src) by extension 'ignore_ament_install'
[1.417s] Level 1:colcon.colcon_core.package_identification:_identify(src) by extensions ['colcon_pkg']
[1.417s] Level 1:colcon.colcon_core.package_identification:_identify(src) by extension 'colcon_pkg'
[1.417s] Level 1:colcon.colcon_core.package_identification:_identify(src) by extensions ['colcon_meta']
[1.417s] Level 1:colcon.colcon_core.package_identification:_identify(src) by extension 'colcon_meta'
[1.417s] Level 1:colcon.colcon_core.package_identification:_identify(src) by extensions ['ros']
[1.418s] Level 1:colcon.colcon_core.package_identification:_identify(src) by extension 'ros'
[1.418s] Level 1:colcon.colcon_core.package_identification:_identify(src) by extensions ['cmake', 'python']
[1.418s] Level 1:colcon.colcon_core.package_identification:_identify(src) by extension 'cmake'
[1.418s] Level 1:colcon.colcon_core.package_identification:_identify(src) by extension 'python'
[1.418s] Level 1:colcon.colcon_core.package_identification:_identify(src) by extensions ['python_setup_py']
[1.418s] Level 1:colcon.colcon_core.package_identification:_identify(src) by extension 'python_setup_py'
[1.419s] Level 1:colcon.colcon_core.package_identification:_identify(src/camera_control) by extensions ['ignore', 'ignore_ament_install']
[1.419s] Level 1:colcon.colcon_core.package_identification:_identify(src/camera_control) by extension 'ignore'
[1.420s] Level 1:colcon.colcon_core.package_identification:_identify(src/camera_control) by extension 'ignore_ament_install'
[1.420s] Level 1:colcon.colcon_core.package_identification:_identify(src/camera_control) by extensions ['colcon_pkg']
[1.420s] Level 1:colcon.colcon_core.package_identification:_identify(src/camera_control) by extension 'colcon_pkg'
[1.420s] Level 1:colcon.colcon_core.package_identification:_identify(src/camera_control) by extensions ['colcon_meta']
[1.420s] Level 1:colcon.colcon_core.package_identification:_identify(src/camera_control) by extension 'colcon_meta'
[1.420s] Level 1:colcon.colcon_core.package_identification:_identify(src/camera_control) by extensions ['ros']
[1.420s] Level 1:colcon.colcon_core.package_identification:_identify(src/camera_control) by extension 'ros'
[1.429s] DEBUG:colcon.colcon_core.package_identification:Package 'src/camera_control' with type 'ros.ament_python' and name 'camera_control'
[1.430s] Level 1:colcon.colcon_core.package_identification:_identify(src/ros2-ublox-zedf9p) by extensions ['ignore', 'ignore_ament_install']
[1.430s] Level 1:colcon.colcon_core.package_identification:_identify(src/ros2-ublox-zedf9p) by extension 'ignore'
[1.431s] Level 1:colcon.colcon_core.package_identification:_identify(src/ros2-ublox-zedf9p) by extension 'ignore_ament_install'
[1.431s] Level 1:colcon.colcon_core.package_identification:_identify(src/ros2-ublox-zedf9p) by extensions ['colcon_pkg']
[1.431s] Level 1:colcon.colcon_core.package_identification:_identify(src/ros2-ublox-zedf9p) by extension 'colcon_pkg'
[1.431s] Level 1:colcon.colcon_core.package_identification:_identify(src/ros2-ublox-zedf9p) by extensions ['colcon_meta']
[1.431s] Level 1:colcon.colcon_core.package_identification:_identify(src/ros2-ublox-zedf9p) by extension 'colcon_meta'
[1.431s] Level 1:colcon.colcon_core.package_identification:_identify(src/ros2-ublox-zedf9p) by extensions ['ros']
[1.432s] Level 1:colcon.colcon_core.package_identification:_identify(src/ros2-ublox-zedf9p) by extension 'ros'
[1.432s] Level 1:colcon.colcon_core.package_identification:_identify(src/ros2-ublox-zedf9p) by extensions ['cmake', 'python']
[1.432s] Level 1:colcon.colcon_core.package_identification:_identify(src/ros2-ublox-zedf9p) by extension 'cmake'
[1.432s] Level 1:colcon.colcon_core.package_identification:_identify(src/ros2-ublox-zedf9p) by extension 'python'
[1.432s] Level 1:colcon.colcon_core.package_identification:_identify(src/ros2-ublox-zedf9p) by extensions ['python_setup_py']
[1.433s] Level 1:colcon.colcon_core.package_identification:_identify(src/ros2-ublox-zedf9p) by extension 'python_setup_py'
[1.433s] Level 1:colcon.colcon_core.package_identification:_identify(src/ros2-ublox-zedf9p/pics) by extensions ['ignore', 'ignore_ament_install']
[1.433s] Level 1:colcon.colcon_core.package_identification:_identify(src/ros2-ublox-zedf9p/pics) by extension 'ignore'
[1.434s] Level 1:colcon.colcon_core.package_identification:_identify(src/ros2-ublox-zedf9p/pics) by extension 'ignore_ament_install'
[1.434s] Level 1:colcon.colcon_core.package_identification:_identify(src/ros2-ublox-zedf9p/pics) by extensions ['colcon_pkg']
[1.434s] Level 1:colcon.colcon_core.package_identification:_identify(src/ros2-ublox-zedf9p/pics) by extension 'colcon_pkg'
[1.434s] Level 1:colcon.colcon_core.package_identification:_identify(src/ros2-ublox-zedf9p/pics) by extensions ['colcon_meta']
[1.434s] Level 1:colcon.colcon_core.package_identification:_identify(src/ros2-ublox-zedf9p/pics) by extension 'colcon_meta'
[1.434s] Level 1:colcon.colcon_core.package_identification:_identify(src/ros2-ublox-zedf9p/pics) by extensions ['ros']
[1.435s] Level 1:colcon.colcon_core.package_identification:_identify(src/ros2-ublox-zedf9p/pics) by extension 'ros'
[1.435s] Level 1:colcon.colcon_core.package_identification:_identify(src/ros2-ublox-zedf9p/pics) by extensions ['cmake', 'python']
[1.435s] Level 1:colcon.colcon_core.package_identification:_identify(src/ros2-ublox-zedf9p/pics) by extension 'cmake'
[1.435s] Level 1:colcon.colcon_core.package_identification:_identify(src/ros2-ublox-zedf9p/pics) by extension 'python'
[1.435s] Level 1:colcon.colcon_core.package_identification:_identify(src/ros2-ublox-zedf9p/pics) by extensions ['python_setup_py']
[1.436s] Level 1:colcon.colcon_core.package_identification:_identify(src/ros2-ublox-zedf9p/pics) by extension 'python_setup_py'
[1.436s] Level 1:colcon.colcon_core.package_identification:_identify(src/ros2-ublox-zedf9p/ublox) by extensions ['ignore', 'ignore_ament_install']
[1.436s] Level 1:colcon.colcon_core.package_identification:_identify(src/ros2-ublox-zedf9p/ublox) by extension 'ignore'
[1.437s] Level 1:colcon.colcon_core.package_identification:_identify(src/ros2-ublox-zedf9p/ublox) by extension 'ignore_ament_install'
[1.437s] Level 1:colcon.colcon_core.package_identification:_identify(src/ros2-ublox-zedf9p/ublox) by extensions ['colcon_pkg']
[1.437s] Level 1:colcon.colcon_core.package_identification:_identify(src/ros2-ublox-zedf9p/ublox) by extension 'colcon_pkg'
[1.437s] Level 1:colcon.colcon_core.package_identification:_identify(src/ros2-ublox-zedf9p/ublox) by extensions ['colcon_meta']
[1.437s] Level 1:colcon.colcon_core.package_identification:_identify(src/ros2-ublox-zedf9p/ublox) by extension 'colcon_meta'
[1.437s] Level 1:colcon.colcon_core.package_identification:_identify(src/ros2-ublox-zedf9p/ublox) by extensions ['ros']
[1.437s] Level 1:colcon.colcon_core.package_identification:_identify(src/ros2-ublox-zedf9p/ublox) by extension 'ros'
[1.440s] DEBUG:colcon.colcon_core.package_identification:Package 'src/ros2-ublox-zedf9p/ublox' with type 'ros.ament_cmake' and name 'ublox'
[1.441s] Level 1:colcon.colcon_core.package_identification:_identify(src/ros2-ublox-zedf9p/ublox_gps) by extensions ['ignore', 'ignore_ament_install']
[1.441s] Level 1:colcon.colcon_core.package_identification:_identify(src/ros2-ublox-zedf9p/ublox_gps) by extension 'ignore'
[1.441s] Level 1:colcon.colcon_core.package_identification:_identify(src/ros2-ublox-zedf9p/ublox_gps) by extension 'ignore_ament_install'
[1.442s] Level 1:colcon.colcon_core.package_identification:_identify(src/ros2-ublox-zedf9p/ublox_gps) by extensions ['colcon_pkg']
[1.442s] Level 1:colcon.colcon_core.package_identification:_identify(src/ros2-ublox-zedf9p/ublox_gps) by extension 'colcon_pkg'
[1.442s] Level 1:colcon.colcon_core.package_identification:_identify(src/ros2-ublox-zedf9p/ublox_gps) by extensions ['colcon_meta']
[1.442s] Level 1:colcon.colcon_core.package_identification:_identify(src/ros2-ublox-zedf9p/ublox_gps) by extension 'colcon_meta'
[1.442s] Level 1:colcon.colcon_core.package_identification:_identify(src/ros2-ublox-zedf9p/ublox_gps) by extensions ['ros']
[1.442s] Level 1:colcon.colcon_core.package_identification:_identify(src/ros2-ublox-zedf9p/ublox_gps) by extension 'ros'
[1.448s] DEBUG:colcon.colcon_core.package_identification:Package 'src/ros2-ublox-zedf9p/ublox_gps' with type 'ros.ament_cmake' and name 'ublox_gps'
[1.449s] Level 1:colcon.colcon_core.package_identification:_identify(src/ros2-ublox-zedf9p/ublox_msgs) by extensions ['ignore', 'ignore_ament_install']
[1.449s] Level 1:colcon.colcon_core.package_identification:_identify(src/ros2-ublox-zedf9p/ublox_msgs) by extension 'ignore'
[1.449s] Level 1:colcon.colcon_core.package_identification:_identify(src/ros2-ublox-zedf9p/ublox_msgs) by extension 'ignore_ament_install'
[1.449s] Level 1:colcon.colcon_core.package_identification:_identify(src/ros2-ublox-zedf9p/ublox_msgs) by extensions ['colcon_pkg']
[1.450s] Level 1:colcon.colcon_core.package_identification:_identify(src/ros2-ublox-zedf9p/ublox_msgs) by extension 'colcon_pkg'
[1.450s] Level 1:colcon.colcon_core.package_identification:_identify(src/ros2-ublox-zedf9p/ublox_msgs) by extensions ['colcon_meta']
[1.450s] Level 1:colcon.colcon_core.package_identification:_identify(src/ros2-ublox-zedf9p/ublox_msgs) by extension 'colcon_meta'
[1.450s] Level 1:colcon.colcon_core.package_identification:_identify(src/ros2-ublox-zedf9p/ublox_msgs) by extensions ['ros']
[1.450s] Level 1:colcon.colcon_core.package_identification:_identify(src/ros2-ublox-zedf9p/ublox_msgs) by extension 'ros'
[1.453s] DEBUG:colcon.colcon_core.package_identification:Package 'src/ros2-ublox-zedf9p/ublox_msgs' with type 'ros.ament_cmake' and name 'ublox_msgs'
[1.454s] Level 1:colcon.colcon_core.package_identification:_identify(src/ros2-ublox-zedf9p/ublox_serialization) by extensions ['ignore', 'ignore_ament_install']
[1.454s] Level 1:colcon.colcon_core.package_identification:_identify(src/ros2-ublox-zedf9p/ublox_serialization) by extension 'ignore'
[1.454s] Level 1:colcon.colcon_core.package_identification:_identify(src/ros2-ublox-zedf9p/ublox_serialization) by extension 'ignore_ament_install'
[1.454s] Level 1:colcon.colcon_core.package_identification:_identify(src/ros2-ublox-zedf9p/ublox_serialization) by extensions ['colcon_pkg']
[1.455s] Level 1:colcon.colcon_core.package_identification:_identify(src/ros2-ublox-zedf9p/ublox_serialization) by extension 'colcon_pkg'
[1.455s] Level 1:colcon.colcon_core.package_identification:_identify(src/ros2-ublox-zedf9p/ublox_serialization) by extensions ['colcon_meta']
[1.455s] Level 1:colcon.colcon_core.package_identification:_identify(src/ros2-ublox-zedf9p/ublox_serialization) by extension 'colcon_meta'
[1.455s] Level 1:colcon.colcon_core.package_identification:_identify(src/ros2-ublox-zedf9p/ublox_serialization) by extensions ['ros']
[1.455s] Level 1:colcon.colcon_core.package_identification:_identify(src/ros2-ublox-zedf9p/ublox_serialization) by extension 'ros'
[1.457s] DEBUG:colcon.colcon_core.package_identification:Package 'src/ros2-ublox-zedf9p/ublox_serialization' with type 'ros.ament_cmake' and name 'ublox_serialization'
[1.458s] Level 1:colcon.colcon_core.package_identification:_identify(src/sensor_integration) by extensions ['ignore', 'ignore_ament_install']
[1.458s] Level 1:colcon.colcon_core.package_identification:_identify(src/sensor_integration) by extension 'ignore'
[1.459s] Level 1:colcon.colcon_core.package_identification:_identify(src/sensor_integration) by extension 'ignore_ament_install'
[1.459s] Level 1:colcon.colcon_core.package_identification:_identify(src/sensor_integration) by extensions ['colcon_pkg']
[1.459s] Level 1:colcon.colcon_core.package_identification:_identify(src/sensor_integration) by extension 'colcon_pkg'
[1.459s] Level 1:colcon.colcon_core.package_identification:_identify(src/sensor_integration) by extensions ['colcon_meta']
[1.459s] Level 1:colcon.colcon_core.package_identification:_identify(src/sensor_integration) by extension 'colcon_meta'
[1.459s] Level 1:colcon.colcon_core.package_identification:_identify(src/sensor_integration) by extensions ['ros']
[1.460s] Level 1:colcon.colcon_core.package_identification:_identify(src/sensor_integration) by extension 'ros'
[1.462s] DEBUG:colcon.colcon_core.package_identification:Package 'src/sensor_integration' with type 'ros.ament_python' and name 'sensor_integration'
[1.463s] Level 1:colcon.colcon_core.package_discovery:discover_packages(recursive) using defaults
[1.463s] Level 1:colcon.colcon_core.package_discovery:discover_packages(ignore) discover
[1.463s] Level 1:colcon.colcon_core.package_discovery:discover_packages(ignore) using defaults
[1.463s] Level 1:colcon.colcon_core.package_discovery:discover_packages(path) discover
[1.463s] Level 1:colcon.colcon_core.package_discovery:discover_packages(path) using defaults
[1.584s] INFO:colcon.colcon_core.package_selection:Skipping package 'ublox' in 'src/ros2-ublox-zedf9p/ublox'
[1.584s] INFO:colcon.colcon_core.package_selection:Skipping package 'sensor_integration' in 'src/sensor_integration'
[1.584s] INFO:colcon.colcon_core.package_selection:Skipping package 'camera_control' in 'src/camera_control'
[1.586s] Level 1:colcon.colcon_core.package_discovery:discover_packages(prefix_path) check parameters
[1.586s] Level 1:colcon.colcon_core.package_discovery:discover_packages(prefix_path) discover
[1.591s] WARNING:colcon.colcon_ros.prefix_path.ament:The path '/home/amigo-pi/amigo_ros2_pi/install/ublox_serialization' in the environment variable AMENT_PREFIX_PATH doesn't exist
[1.591s] WARNING:colcon.colcon_ros.prefix_path.ament:The path '/home/amigo-pi/amigo_ros2_pi/install/camera_control' in the environment variable AMENT_PREFIX_PATH doesn't exist
[1.592s] WARNING:colcon.colcon_ros.prefix_path.catkin:The path '/home/amigo-pi/amigo_ros2_pi/install/ublox_serialization' in the environment variable CMAKE_PREFIX_PATH doesn't exist
[1.595s] DEBUG:colcon.colcon_installed_package_information.package_discovery:Found 0 installed packages in /home/amigo-pi/amigo_ros2_pi/install
[1.603s] DEBUG:colcon.colcon_installed_package_information.package_discovery:Found 272 installed packages in /opt/ros/humble
[1.610s] Level 1:colcon.colcon_core.package_discovery:discover_packages(prefix_path) using defaults
[1.780s] Level 5:colcon.colcon_core.verb:set package 'ublox_serialization' build argument 'cmake_args' from command line to 'None'
[1.780s] Level 5:colcon.colcon_core.verb:set package 'ublox_serialization' build argument 'cmake_target' from command line to 'None'
[1.780s] Level 5:colcon.colcon_core.verb:set package 'ublox_serialization' build argument 'cmake_target_skip_unavailable' from command line to 'False'
[1.780s] Level 5:colcon.colcon_core.verb:set package 'ublox_serialization' build argument 'cmake_clean_cache' from command line to 'False'
[1.780s] Level 5:colcon.colcon_core.verb:set package 'ublox_serialization' build argument 'cmake_clean_first' from command line to 'False'
[1.780s] Level 5:colcon.colcon_core.verb:set package 'ublox_serialization' build argument 'cmake_force_configure' from command line to 'False'
[1.780s] Level 5:colcon.colcon_core.verb:set package 'ublox_serialization' build argument 'ament_cmake_args' from command line to 'None'
[1.781s] Level 5:colcon.colcon_core.verb:set package 'ublox_serialization' build argument 'catkin_cmake_args' from command line to 'None'
[1.781s] Level 5:colcon.colcon_core.verb:set package 'ublox_serialization' build argument 'catkin_skip_building_tests' from command line to 'False'
[1.781s] DEBUG:colcon.colcon_core.verb:Building package 'ublox_serialization' with the following arguments: {'ament_cmake_args': None, 'build_base': '/home/amigo-pi/amigo_ros2_pi/build/ublox_serialization', 'catkin_cmake_args': None, 'catkin_skip_building_tests': False, 'cmake_args': None, 'cmake_clean_cache': False, 'cmake_clean_first': False, 'cmake_force_configure': False, 'cmake_target': None, 'cmake_target_skip_unavailable': False, 'install_base': '/home/amigo-pi/amigo_ros2_pi/install/ublox_serialization', 'merge_install': False, 'path': '/home/amigo-pi/amigo_ros2_pi/src/ros2-ublox-zedf9p/ublox_serialization', 'symlink_install': False, 'test_result_base': None}
[1.782s] Level 5:colcon.colcon_core.verb:set package 'ublox_msgs' build argument 'cmake_args' from command line to 'None'
[1.783s] Level 5:colcon.colcon_core.verb:set package 'ublox_msgs' build argument 'cmake_target' from command line to 'None'
[1.783s] Level 5:colcon.colcon_core.verb:set package 'ublox_msgs' build argument 'cmake_target_skip_unavailable' from command line to 'False'
[1.783s] Level 5:colcon.colcon_core.verb:set package 'ublox_msgs' build argument 'cmake_clean_cache' from command line to 'False'
[1.783s] Level 5:colcon.colcon_core.verb:set package 'ublox_msgs' build argument 'cmake_clean_first' from command line to 'False'
[1.783s] Level 5:colcon.colcon_core.verb:set package 'ublox_msgs' build argument 'cmake_force_configure' from command line to 'False'
[1.783s] Level 5:colcon.colcon_core.verb:set package 'ublox_msgs' build argument 'ament_cmake_args' from command line to 'None'
[1.783s] Level 5:colcon.colcon_core.verb:set package 'ublox_msgs' build argument 'catkin_cmake_args' from command line to 'None'
[1.783s] Level 5:colcon.colcon_core.verb:set package 'ublox_msgs' build argument 'catkin_skip_building_tests' from command line to 'False'
[1.783s] DEBUG:colcon.colcon_core.verb:Building package 'ublox_msgs' with the following arguments: {'ament_cmake_args': None, 'build_base': '/home/amigo-pi/amigo_ros2_pi/build/ublox_msgs', 'catkin_cmake_args': None, 'catkin_skip_building_tests': False, 'cmake_args': None, 'cmake_clean_cache': False, 'cmake_clean_first': False, 'cmake_force_configure': False, 'cmake_target': None, 'cmake_target_skip_unavailable': False, 'install_base': '/home/amigo-pi/amigo_ros2_pi/install/ublox_msgs', 'merge_install': False, 'path': '/home/amigo-pi/amigo_ros2_pi/src/ros2-ublox-zedf9p/ublox_msgs', 'symlink_install': False, 'test_result_base': None}
[1.785s] Level 5:colcon.colcon_core.verb:set package 'ublox_gps' build argument 'cmake_args' from command line to 'None'
[1.785s] Level 5:colcon.colcon_core.verb:set package 'ublox_gps' build argument 'cmake_target' from command line to 'None'
[1.785s] Level 5:colcon.colcon_core.verb:set package 'ublox_gps' build argument 'cmake_target_skip_unavailable' from command line to 'False'
[1.785s] Level 5:colcon.colcon_core.verb:set package 'ublox_gps' build argument 'cmake_clean_cache' from command line to 'False'
[1.785s] Level 5:colcon.colcon_core.verb:set package 'ublox_gps' build argument 'cmake_clean_first' from command line to 'False'
[1.785s] Level 5:colcon.colcon_core.verb:set package 'ublox_gps' build argument 'cmake_force_configure' from command line to 'False'
[1.785s] Level 5:colcon.colcon_core.verb:set package 'ublox_gps' build argument 'ament_cmake_args' from command line to 'None'
[1.786s] Level 5:colcon.colcon_core.verb:set package 'ublox_gps' build argument 'catkin_cmake_args' from command line to 'None'
[1.786s] Level 5:colcon.colcon_core.verb:set package 'ublox_gps' build argument 'catkin_skip_building_tests' from command line to 'False'
[1.786s] DEBUG:colcon.colcon_core.verb:Building package 'ublox_gps' with the following arguments: {'ament_cmake_args': None, 'build_base': '/home/amigo-pi/amigo_ros2_pi/build/ublox_gps', 'catkin_cmake_args': None, 'catkin_skip_building_tests': False, 'cmake_args': None, 'cmake_clean_cache': False, 'cmake_clean_first': False, 'cmake_force_configure': False, 'cmake_target': None, 'cmake_target_skip_unavailable': False, 'install_base': '/home/amigo-pi/amigo_ros2_pi/install/ublox_gps', 'merge_install': False, 'path': '/home/amigo-pi/amigo_ros2_pi/src/ros2-ublox-zedf9p/ublox_gps', 'symlink_install': False, 'test_result_base': None}
[1.786s] INFO:colcon.colcon_core.executor:Executing jobs using 'parallel' executor
[1.790s] DEBUG:colcon.colcon_parallel_executor.executor.parallel:run_until_complete
[1.791s] INFO:colcon.colcon_ros.task.ament_cmake.build:Building ROS package in '/home/amigo-pi/amigo_ros2_pi/src/ros2-ublox-zedf9p/ublox_serialization' with build type 'ament_cmake'
[1.791s] INFO:colcon.colcon_cmake.task.cmake.build:Building CMake package in '/home/amigo-pi/amigo_ros2_pi/src/ros2-ublox-zedf9p/ublox_serialization'
[1.800s] INFO:colcon.colcon_core.plugin_system:Skipping extension 'colcon_core.shell.bat': Not used on non-Windows systems
[1.801s] INFO:colcon.colcon_core.shell:Skip shell extension 'powershell' for command environment: Not usable outside of PowerShell
[1.801s] DEBUG:colcon.colcon_core.shell:Skip shell extension 'dsv' for command environment
[1.847s] DEBUG:colcon.colcon_core.event_handler.log_command:Invoking command in '/home/amigo-pi/amigo_ros2_pi/build/ublox_serialization': CMAKE_PREFIX_PATH=${CMAKE_PREFIX_PATH}:/home/amigo-pi/amigo_ros2_pi/install/camera_control:/opt/ros/humble /usr/bin/cmake /home/amigo-pi/amigo_ros2_pi/src/ros2-ublox-zedf9p/ublox_serialization -DCMAKE_INSTALL_PREFIX=/home/amigo-pi/amigo_ros2_pi/install/ublox_serialization
[6.140s] DEBUG:colcon.colcon_core.event_handler.log_command:Invoked command in '/home/amigo-pi/amigo_ros2_pi/build/ublox_serialization' returned '0': CMAKE_PREFIX_PATH=${CMAKE_PREFIX_PATH}:/home/amigo-pi/amigo_ros2_pi/install/camera_control:/opt/ros/humble /usr/bin/cmake /home/amigo-pi/amigo_ros2_pi/src/ros2-ublox-zedf9p/ublox_serialization -DCMAKE_INSTALL_PREFIX=/home/amigo-pi/amigo_ros2_pi/install/ublox_serialization
[6.152s] DEBUG:colcon.colcon_core.event_handler.log_command:Invoking command in '/home/amigo-pi/amigo_ros2_pi/build/ublox_serialization': CMAKE_PREFIX_PATH=${CMAKE_PREFIX_PATH}:/home/amigo-pi/amigo_ros2_pi/install/camera_control:/opt/ros/humble /usr/bin/cmake --build /home/amigo-pi/amigo_ros2_pi/build/ublox_serialization -- -j4 -l4
[6.316s] DEBUG:colcon.colcon_core.event_handler.log_command:Invoked command in '/home/amigo-pi/amigo_ros2_pi/build/ublox_serialization' returned '0': CMAKE_PREFIX_PATH=${CMAKE_PREFIX_PATH}:/home/amigo-pi/amigo_ros2_pi/install/camera_control:/opt/ros/humble /usr/bin/cmake --build /home/amigo-pi/amigo_ros2_pi/build/ublox_serialization -- -j4 -l4
[6.369s] DEBUG:colcon.colcon_core.event_handler.log_command:Invoking command in '/home/amigo-pi/amigo_ros2_pi/build/ublox_serialization': CMAKE_PREFIX_PATH=${CMAKE_PREFIX_PATH}:/home/amigo-pi/amigo_ros2_pi/install/camera_control:/opt/ros/humble /usr/bin/cmake --install /home/amigo-pi/amigo_ros2_pi/build/ublox_serialization
[6.431s] Level 1:colcon.colcon_core.environment:create_environment_scripts_only(ublox_serialization)
[6.433s] DEBUG:colcon.colcon_core.event_handler.log_command:Invoked command in '/home/amigo-pi/amigo_ros2_pi/build/ublox_serialization' returned '0': CMAKE_PREFIX_PATH=${CMAKE_PREFIX_PATH}:/home/amigo-pi/amigo_ros2_pi/install/camera_control:/opt/ros/humble /usr/bin/cmake --install /home/amigo-pi/amigo_ros2_pi/build/ublox_serialization
[6.445s] Level 1:colcon.colcon_core.environment:checking '/home/amigo-pi/amigo_ros2_pi/install/ublox_serialization' for CMake module files
[6.448s] Level 1:colcon.colcon_core.environment:checking '/home/amigo-pi/amigo_ros2_pi/install/ublox_serialization' for CMake config files
[6.450s] Level 1:colcon.colcon_core.shell:create_environment_hook('ublox_serialization', 'cmake_prefix_path')
[6.451s] INFO:colcon.colcon_core.shell:Creating environment hook '/home/amigo-pi/amigo_ros2_pi/install/ublox_serialization/share/ublox_serialization/hook/cmake_prefix_path.ps1'
[6.454s] INFO:colcon.colcon_core.shell:Creating environment descriptor '/home/amigo-pi/amigo_ros2_pi/install/ublox_serialization/share/ublox_serialization/hook/cmake_prefix_path.dsv'
[6.457s] INFO:colcon.colcon_core.shell:Creating environment hook '/home/amigo-pi/amigo_ros2_pi/install/ublox_serialization/share/ublox_serialization/hook/cmake_prefix_path.sh'
[6.462s] Level 1:colcon.colcon_core.environment:checking '/home/amigo-pi/amigo_ros2_pi/install/ublox_serialization/bin'
[6.462s] Level 1:colcon.colcon_core.environment:checking '/home/amigo-pi/amigo_ros2_pi/install/ublox_serialization/lib/pkgconfig/ublox_serialization.pc'
[6.463s] Level 1:colcon.colcon_core.environment:checking '/home/amigo-pi/amigo_ros2_pi/install/ublox_serialization/lib/python3.10/site-packages'
[6.464s] Level 1:colcon.colcon_core.environment:checking '/home/amigo-pi/amigo_ros2_pi/install/ublox_serialization/bin'
[6.465s] INFO:colcon.colcon_core.shell:Creating package script '/home/amigo-pi/amigo_ros2_pi/install/ublox_serialization/share/ublox_serialization/package.ps1'
[6.469s] INFO:colcon.colcon_core.shell:Creating package descriptor '/home/amigo-pi/amigo_ros2_pi/install/ublox_serialization/share/ublox_serialization/package.dsv'
[6.471s] INFO:colcon.colcon_core.shell:Creating package script '/home/amigo-pi/amigo_ros2_pi/install/ublox_serialization/share/ublox_serialization/package.sh'
[6.474s] INFO:colcon.colcon_core.shell:Creating package script '/home/amigo-pi/amigo_ros2_pi/install/ublox_serialization/share/ublox_serialization/package.bash'
[6.478s] INFO:colcon.colcon_core.shell:Creating package script '/home/amigo-pi/amigo_ros2_pi/install/ublox_serialization/share/ublox_serialization/package.zsh'
[6.481s] Level 1:colcon.colcon_core.environment:create_file_with_runtime_dependencies(/home/amigo-pi/amigo_ros2_pi/install/ublox_serialization/share/colcon-core/packages/ublox_serialization)
[6.483s] Level 1:colcon.colcon_core.environment:create_environment_scripts_only(ublox_serialization)
[6.484s] Level 1:colcon.colcon_core.environment:checking '/home/amigo-pi/amigo_ros2_pi/install/ublox_serialization' for CMake module files
[6.487s] Level 1:colcon.colcon_core.environment:checking '/home/amigo-pi/amigo_ros2_pi/install/ublox_serialization' for CMake config files
[6.489s] Level 1:colcon.colcon_core.shell:create_environment_hook('ublox_serialization', 'cmake_prefix_path')
[6.490s] INFO:colcon.colcon_core.shell:Creating environment hook '/home/amigo-pi/amigo_ros2_pi/install/ublox_serialization/share/ublox_serialization/hook/cmake_prefix_path.ps1'
[6.492s] INFO:colcon.colcon_core.shell:Creating environment descriptor '/home/amigo-pi/amigo_ros2_pi/install/ublox_serialization/share/ublox_serialization/hook/cmake_prefix_path.dsv'
[6.494s] INFO:colcon.colcon_core.shell:Creating environment hook '/home/amigo-pi/amigo_ros2_pi/install/ublox_serialization/share/ublox_serialization/hook/cmake_prefix_path.sh'
[6.497s] Level 1:colcon.colcon_core.environment:checking '/home/amigo-pi/amigo_ros2_pi/install/ublox_serialization/bin'
[6.497s] Level 1:colcon.colcon_core.environment:checking '/home/amigo-pi/amigo_ros2_pi/install/ublox_serialization/lib/pkgconfig/ublox_serialization.pc'
[6.498s] Level 1:colcon.colcon_core.environment:checking '/home/amigo-pi/amigo_ros2_pi/install/ublox_serialization/lib/python3.10/site-packages'
[6.499s] Level 1:colcon.colcon_core.environment:checking '/home/amigo-pi/amigo_ros2_pi/install/ublox_serialization/bin'
[6.500s] INFO:colcon.colcon_core.shell:Creating package script '/home/amigo-pi/amigo_ros2_pi/install/ublox_serialization/share/ublox_serialization/package.ps1'
[6.502s] INFO:colcon.colcon_core.shell:Creating package descriptor '/home/amigo-pi/amigo_ros2_pi/install/ublox_serialization/share/ublox_serialization/package.dsv'
[6.505s] INFO:colcon.colcon_core.shell:Creating package script '/home/amigo-pi/amigo_ros2_pi/install/ublox_serialization/share/ublox_serialization/package.sh'
[6.507s] INFO:colcon.colcon_core.shell:Creating package script '/home/amigo-pi/amigo_ros2_pi/install/ublox_serialization/share/ublox_serialization/package.bash'
[6.510s] INFO:colcon.colcon_core.shell:Creating package script '/home/amigo-pi/amigo_ros2_pi/install/ublox_serialization/share/ublox_serialization/package.zsh'
[6.512s] Level 1:colcon.colcon_core.environment:create_file_with_runtime_dependencies(/home/amigo-pi/amigo_ros2_pi/install/ublox_serialization/share/colcon-core/packages/ublox_serialization)
[6.514s] INFO:colcon.colcon_ros.task.ament_cmake.build:Building ROS package in '/home/amigo-pi/amigo_ros2_pi/src/ros2-ublox-zedf9p/ublox_msgs' with build type 'ament_cmake'
[6.514s] INFO:colcon.colcon_cmake.task.cmake.build:Building CMake package in '/home/amigo-pi/amigo_ros2_pi/src/ros2-ublox-zedf9p/ublox_msgs'
[6.515s] INFO:colcon.colcon_core.shell:Skip shell extension 'powershell' for command environment: Not usable outside of PowerShell
[6.516s] DEBUG:colcon.colcon_core.shell:Skip shell extension 'dsv' for command environment
[6.563s] DEBUG:colcon.colcon_core.event_handler.log_command:Invoking command in '/home/amigo-pi/amigo_ros2_pi/build/ublox_msgs': CMAKE_PREFIX_PATH=${CMAKE_PREFIX_PATH}:/home/amigo-pi/amigo_ros2_pi/install/camera_control:/opt/ros/humble /usr/bin/cmake /home/amigo-pi/amigo_ros2_pi/src/ros2-ublox-zedf9p/ublox_msgs -DCMAKE_INSTALL_PREFIX=/home/amigo-pi/amigo_ros2_pi/install/ublox_msgs
[19.989s] DEBUG:colcon.colcon_core.event_handler.log_command:Invoked command in '/home/amigo-pi/amigo_ros2_pi/build/ublox_msgs' returned '0': CMAKE_PREFIX_PATH=${CMAKE_PREFIX_PATH}:/home/amigo-pi/amigo_ros2_pi/install/camera_control:/opt/ros/humble /usr/bin/cmake /home/amigo-pi/amigo_ros2_pi/src/ros2-ublox-zedf9p/ublox_msgs -DCMAKE_INSTALL_PREFIX=/home/amigo-pi/amigo_ros2_pi/install/ublox_msgs
[19.998s] DEBUG:colcon.colcon_core.event_handler.log_command:Invoking command in '/home/amigo-pi/amigo_ros2_pi/build/ublox_msgs': CMAKE_PREFIX_PATH=${CMAKE_PREFIX_PATH}:/home/amigo-pi/amigo_ros2_pi/install/camera_control:/opt/ros/humble /usr/bin/cmake --build /home/amigo-pi/amigo_ros2_pi/build/ublox_msgs -- -j4 -l4
[678.291s] DEBUG:colcon.colcon_core.event_handler.log_command:Invoked command in '/home/amigo-pi/amigo_ros2_pi/build/ublox_msgs' returned '0': CMAKE_PREFIX_PATH=${CMAKE_PREFIX_PATH}:/home/amigo-pi/amigo_ros2_pi/install/camera_control:/opt/ros/humble /usr/bin/cmake --build /home/amigo-pi/amigo_ros2_pi/build/ublox_msgs -- -j4 -l4
[678.305s] DEBUG:colcon.colcon_core.event_handler.log_command:Invoking command in '/home/amigo-pi/amigo_ros2_pi/build/ublox_msgs': CMAKE_PREFIX_PATH=${CMAKE_PREFIX_PATH}:/home/amigo-pi/amigo_ros2_pi/install/camera_control:/opt/ros/humble /usr/bin/cmake --install /home/amigo-pi/amigo_ros2_pi/build/ublox_msgs
[681.262s] Level 1:colcon.colcon_core.environment:create_environment_scripts_only(ublox_msgs)
[681.264s] Level 1:colcon.colcon_core.environment:checking '/home/amigo-pi/amigo_ros2_pi/install/ublox_msgs' for CMake module files
[681.265s] DEBUG:colcon.colcon_core.event_handler.log_command:Invoked command in '/home/amigo-pi/amigo_ros2_pi/build/ublox_msgs' returned '0': CMAKE_PREFIX_PATH=${CMAKE_PREFIX_PATH}:/home/amigo-pi/amigo_ros2_pi/install/camera_control:/opt/ros/humble /usr/bin/cmake --install /home/amigo-pi/amigo_ros2_pi/build/ublox_msgs
[681.269s] Level 1:colcon.colcon_core.environment:checking '/home/amigo-pi/amigo_ros2_pi/install/ublox_msgs' for CMake config files
[681.295s] Level 1:colcon.colcon_core.shell:create_environment_hook('ublox_msgs', 'cmake_prefix_path')
[681.296s] INFO:colcon.colcon_core.shell:Creating environment hook '/home/amigo-pi/amigo_ros2_pi/install/ublox_msgs/share/ublox_msgs/hook/cmake_prefix_path.ps1'
[681.299s] INFO:colcon.colcon_core.shell:Creating environment descriptor '/home/amigo-pi/amigo_ros2_pi/install/ublox_msgs/share/ublox_msgs/hook/cmake_prefix_path.dsv'
[681.300s] INFO:colcon.colcon_core.shell:Creating environment hook '/home/amigo-pi/amigo_ros2_pi/install/ublox_msgs/share/ublox_msgs/hook/cmake_prefix_path.sh'
[681.303s] Level 1:colcon.colcon_core.environment:checking '/home/amigo-pi/amigo_ros2_pi/install/ublox_msgs/lib'
[681.304s] Level 1:colcon.colcon_core.shell:create_environment_hook('ublox_msgs', 'ld_library_path_lib')
[681.305s] INFO:colcon.colcon_core.shell:Creating environment hook '/home/amigo-pi/amigo_ros2_pi/install/ublox_msgs/share/ublox_msgs/hook/ld_library_path_lib.ps1'
[681.307s] INFO:colcon.colcon_core.shell:Creating environment descriptor '/home/amigo-pi/amigo_ros2_pi/install/ublox_msgs/share/ublox_msgs/hook/ld_library_path_lib.dsv'
[681.309s] INFO:colcon.colcon_core.shell:Creating environment hook '/home/amigo-pi/amigo_ros2_pi/install/ublox_msgs/share/ublox_msgs/hook/ld_library_path_lib.sh'
[681.310s] Level 1:colcon.colcon_core.environment:checking '/home/amigo-pi/amigo_ros2_pi/install/ublox_msgs/bin'
[681.311s] Level 1:colcon.colcon_core.environment:checking '/home/amigo-pi/amigo_ros2_pi/install/ublox_msgs/lib/pkgconfig/ublox_msgs.pc'
[681.312s] Level 1:colcon.colcon_core.environment:checking '/home/amigo-pi/amigo_ros2_pi/install/ublox_msgs/lib/python3.10/site-packages'
[681.313s] Level 1:colcon.colcon_core.environment:checking '/home/amigo-pi/amigo_ros2_pi/install/ublox_msgs/bin'
[681.314s] INFO:colcon.colcon_core.shell:Creating package script '/home/amigo-pi/amigo_ros2_pi/install/ublox_msgs/share/ublox_msgs/package.ps1'
[681.316s] INFO:colcon.colcon_core.shell:Creating package descriptor '/home/amigo-pi/amigo_ros2_pi/install/ublox_msgs/share/ublox_msgs/package.dsv'
[681.318s] INFO:colcon.colcon_core.shell:Creating package script '/home/amigo-pi/amigo_ros2_pi/install/ublox_msgs/share/ublox_msgs/package.sh'
[681.321s] INFO:colcon.colcon_core.shell:Creating package script '/home/amigo-pi/amigo_ros2_pi/install/ublox_msgs/share/ublox_msgs/package.bash'
[681.322s] INFO:colcon.colcon_core.shell:Creating package script '/home/amigo-pi/amigo_ros2_pi/install/ublox_msgs/share/ublox_msgs/package.zsh'
[681.324s] Level 1:colcon.colcon_core.environment:create_file_with_runtime_dependencies(/home/amigo-pi/amigo_ros2_pi/install/ublox_msgs/share/colcon-core/packages/ublox_msgs)
[681.327s] Level 1:colcon.colcon_core.environment:create_environment_scripts_only(ublox_msgs)
[681.328s] Level 1:colcon.colcon_core.environment:checking '/home/amigo-pi/amigo_ros2_pi/install/ublox_msgs' for CMake module files
[681.332s] Level 1:colcon.colcon_core.environment:checking '/home/amigo-pi/amigo_ros2_pi/install/ublox_msgs' for CMake config files
[681.355s] Level 1:colcon.colcon_core.shell:create_environment_hook('ublox_msgs', 'cmake_prefix_path')
[681.356s] INFO:colcon.colcon_core.shell:Creating environment hook '/home/amigo-pi/amigo_ros2_pi/install/ublox_msgs/share/ublox_msgs/hook/cmake_prefix_path.ps1'
[681.358s] INFO:colcon.colcon_core.shell:Creating environment descriptor '/home/amigo-pi/amigo_ros2_pi/install/ublox_msgs/share/ublox_msgs/hook/cmake_prefix_path.dsv'
[681.360s] INFO:colcon.colcon_core.shell:Creating environment hook '/home/amigo-pi/amigo_ros2_pi/install/ublox_msgs/share/ublox_msgs/hook/cmake_prefix_path.sh'
[681.363s] Level 1:colcon.colcon_core.environment:checking '/home/amigo-pi/amigo_ros2_pi/install/ublox_msgs/lib'
[681.364s] Level 1:colcon.colcon_core.shell:create_environment_hook('ublox_msgs', 'ld_library_path_lib')
[681.364s] INFO:colcon.colcon_core.shell:Creating environment hook '/home/amigo-pi/amigo_ros2_pi/install/ublox_msgs/share/ublox_msgs/hook/ld_library_path_lib.ps1'
[681.366s] INFO:colcon.colcon_core.shell:Creating environment descriptor '/home/amigo-pi/amigo_ros2_pi/install/ublox_msgs/share/ublox_msgs/hook/ld_library_path_lib.dsv'
[681.368s] INFO:colcon.colcon_core.shell:Creating environment hook '/home/amigo-pi/amigo_ros2_pi/install/ublox_msgs/share/ublox_msgs/hook/ld_library_path_lib.sh'
[681.371s] Level 1:colcon.colcon_core.environment:checking '/home/amigo-pi/amigo_ros2_pi/install/ublox_msgs/bin'
[681.371s] Level 1:colcon.colcon_core.environment:checking '/home/amigo-pi/amigo_ros2_pi/install/ublox_msgs/lib/pkgconfig/ublox_msgs.pc'
[681.372s] Level 1:colcon.colcon_core.environment:checking '/home/amigo-pi/amigo_ros2_pi/install/ublox_msgs/lib/python3.10/site-packages'
[681.373s] Level 1:colcon.colcon_core.environment:checking '/home/amigo-pi/amigo_ros2_pi/install/ublox_msgs/bin'
[681.374s] INFO:colcon.colcon_core.shell:Creating package script '/home/amigo-pi/amigo_ros2_pi/install/ublox_msgs/share/ublox_msgs/package.ps1'
[681.377s] INFO:colcon.colcon_core.shell:Creating package descriptor '/home/amigo-pi/amigo_ros2_pi/install/ublox_msgs/share/ublox_msgs/package.dsv'
[681.380s] INFO:colcon.colcon_core.shell:Creating package script '/home/amigo-pi/amigo_ros2_pi/install/ublox_msgs/share/ublox_msgs/package.sh'
[681.383s] INFO:colcon.colcon_core.shell:Creating package script '/home/amigo-pi/amigo_ros2_pi/install/ublox_msgs/share/ublox_msgs/package.bash'
[681.386s] INFO:colcon.colcon_core.shell:Creating package script '/home/amigo-pi/amigo_ros2_pi/install/ublox_msgs/share/ublox_msgs/package.zsh'
[681.388s] Level 1:colcon.colcon_core.environment:create_file_with_runtime_dependencies(/home/amigo-pi/amigo_ros2_pi/install/ublox_msgs/share/colcon-core/packages/ublox_msgs)
[681.389s] INFO:colcon.colcon_ros.task.ament_cmake.build:Building ROS package in '/home/amigo-pi/amigo_ros2_pi/src/ros2-ublox-zedf9p/ublox_gps' with build type 'ament_cmake'
[681.390s] INFO:colcon.colcon_cmake.task.cmake.build:Building CMake package in '/home/amigo-pi/amigo_ros2_pi/src/ros2-ublox-zedf9p/ublox_gps'
[681.391s] INFO:colcon.colcon_core.shell:Skip shell extension 'powershell' for command environment: Not usable outside of PowerShell
[681.392s] DEBUG:colcon.colcon_core.shell:Skip shell extension 'dsv' for command environment
[681.456s] DEBUG:colcon.colcon_core.event_handler.log_command:Invoking command in '/home/amigo-pi/amigo_ros2_pi/build/ublox_gps': AMENT_PREFIX_PATH=/home/amigo-pi/amigo_ros2_pi/install/ublox_msgs:${AMENT_PREFIX_PATH} CMAKE_PREFIX_PATH=/home/amigo-pi/amigo_ros2_pi/install/ublox_msgs:/home/amigo-pi/amigo_ros2_pi/install/ublox_serialization:/home/amigo-pi/amigo_ros2_pi/install/camera_control:/opt/ros/humble LD_LIBRARY_PATH=/home/amigo-pi/amigo_ros2_pi/install/ublox_msgs/lib:${LD_LIBRARY_PATH} PYTHONPATH=/home/amigo-pi/amigo_ros2_pi/install/ublox_msgs/local/lib/python3.10/dist-packages:${PYTHONPATH} /usr/bin/cmake /home/amigo-pi/amigo_ros2_pi/src/ros2-ublox-zedf9p/ublox_gps -DCMAKE_INSTALL_PREFIX=/home/amigo-pi/amigo_ros2_pi/install/ublox_gps
[689.679s] DEBUG:colcon.colcon_core.event_handler.log_command:Invoked command in '/home/amigo-pi/amigo_ros2_pi/build/ublox_gps' returned '0': AMENT_PREFIX_PATH=/home/amigo-pi/amigo_ros2_pi/install/ublox_msgs:${AMENT_PREFIX_PATH} CMAKE_PREFIX_PATH=/home/amigo-pi/amigo_ros2_pi/install/ublox_msgs:/home/amigo-pi/amigo_ros2_pi/install/ublox_serialization:/home/amigo-pi/amigo_ros2_pi/install/camera_control:/opt/ros/humble LD_LIBRARY_PATH=/home/amigo-pi/amigo_ros2_pi/install/ublox_msgs/lib:${LD_LIBRARY_PATH} PYTHONPATH=/home/amigo-pi/amigo_ros2_pi/install/ublox_msgs/local/lib/python3.10/dist-packages:${PYTHONPATH} /usr/bin/cmake /home/amigo-pi/amigo_ros2_pi/src/ros2-ublox-zedf9p/ublox_gps -DCMAKE_INSTALL_PREFIX=/home/amigo-pi/amigo_ros2_pi/install/ublox_gps
[689.688s] DEBUG:colcon.colcon_core.event_handler.log_command:Invoking command in '/home/amigo-pi/amigo_ros2_pi/build/ublox_gps': AMENT_PREFIX_PATH=/home/amigo-pi/amigo_ros2_pi/install/ublox_msgs:${AMENT_PREFIX_PATH} CMAKE_PREFIX_PATH=/home/amigo-pi/amigo_ros2_pi/install/ublox_msgs:/home/amigo-pi/amigo_ros2_pi/install/ublox_serialization:/home/amigo-pi/amigo_ros2_pi/install/camera_control:/opt/ros/humble LD_LIBRARY_PATH=/home/amigo-pi/amigo_ros2_pi/install/ublox_msgs/lib:${LD_LIBRARY_PATH} PYTHONPATH=/home/amigo-pi/amigo_ros2_pi/install/ublox_msgs/local/lib/python3.10/dist-packages:${PYTHONPATH} /usr/bin/cmake --build /home/amigo-pi/amigo_ros2_pi/build/ublox_gps -- -j4 -l4
