[6.879s] Invoking command in '/home/amigo-pi/amigo_ros2_pi/build/camera_control': PYTHONPATH=/home/amigo-pi/amigo_ros2_pi/build/camera_control/prefix_override:/usr/lib/python3/dist-packages/colcon_core/task/python/colcon_distutils_commands:/home/amigo-pi/amigo_ros2_pi/install/camera_control/lib/python3.10/site-packages:${PYTHONPATH} /usr/bin/python3 -W ignore:setup.py install is deprecated -W ignore:easy_install command is deprecated setup.py develop --editable --build-directory /home/amigo-pi/amigo_ros2_pi/build/camera_control/build --no-deps symlink_data --force
[8.210s] running develop
[9.164s] running egg_info
[9.164s] writing camera_control.egg-info/PKG-INFO
[9.166s] writing dependency_links to camera_control.egg-info/dependency_links.txt
[9.167s] writing entry points to camera_control.egg-info/entry_points.txt
[9.168s] writing requirements to camera_control.egg-info/requires.txt
[9.169s] writing top-level names to camera_control.egg-info/top_level.txt
[9.177s] reading manifest file 'camera_control.egg-info/SOURCES.txt'
[9.207s] writing manifest file 'camera_control.egg-info/SOURCES.txt'
[9.215s] running build_ext
[9.216s] Creating /home/amigo-pi/amigo_ros2_pi/install/camera_control/lib/python3.10/site-packages/camera-control.egg-link (link to .)
[9.219s] Installing controller_test_node script to /home/amigo-pi/amigo_ros2_pi/install/camera_control/lib/camera_control
[9.220s] Installing scan_controller_node script to /home/amigo-pi/amigo_ros2_pi/install/camera_control/lib/camera_control
[9.221s] Installing scan_controller_service script to /home/amigo-pi/amigo_ros2_pi/install/camera_control/lib/camera_control
[9.223s] 
[9.223s] Installed /home/amigo-pi/amigo_ros2_pi/build/camera_control
[9.224s] running symlink_data
[9.224s] symbolically linking /home/amigo-pi/amigo_ros2_pi/build/camera_control/resource/camera_control -> /home/amigo-pi/amigo_ros2_pi/install/camera_control/share/ament_index/resource_index/packages
[9.225s] symbolically linking /home/amigo-pi/amigo_ros2_pi/build/camera_control/package.xml -> /home/amigo-pi/amigo_ros2_pi/install/camera_control/share/camera_control
[9.372s] Invoked command in '/home/amigo-pi/amigo_ros2_pi/build/camera_control' returned '0': PYTHONPATH=/home/amigo-pi/amigo_ros2_pi/build/camera_control/prefix_override:/usr/lib/python3/dist-packages/colcon_core/task/python/colcon_distutils_commands:/home/amigo-pi/amigo_ros2_pi/install/camera_control/lib/python3.10/site-packages:${PYTHONPATH} /usr/bin/python3 -W ignore:setup.py install is deprecated -W ignore:easy_install command is deprecated setup.py develop --editable --build-directory /home/amigo-pi/amigo_ros2_pi/build/camera_control/build --no-deps symlink_data --force
