running develop
running egg_info
creating camera_control.egg-info
writing camera_control.egg-info/PKG-INFO
writing dependency_links to camera_control.egg-info/dependency_links.txt
writing entry points to camera_control.egg-info/entry_points.txt
writing requirements to camera_control.egg-info/requires.txt
writing top-level names to camera_control.egg-info/top_level.txt
writing manifest file 'camera_control.egg-info/SOURCES.txt'
reading manifest file 'camera_control.egg-info/SOURCES.txt'
writing manifest file 'camera_control.egg-info/SOURCES.txt'
running build_ext
Creating /home/amigopi/workspaces/amigo_ros2_pi/install/camera_control/lib/python3.10/site-packages/camera-control.egg-link (link to .)
Installing controller_service script to /home/amigopi/workspaces/amigo_ros2_pi/install/camera_control/lib/camera_control
Installing controller_test_node script to /home/amigopi/workspaces/amigo_ros2_pi/install/camera_control/lib/camera_control

Installed /home/amigopi/workspaces/amigo_ros2_pi/build/camera_control
running symlink_data
creating /home/amigopi/workspaces/amigo_ros2_pi/install/camera_control/share/ament_index
creating /home/amigopi/workspaces/amigo_ros2_pi/install/camera_control/share/ament_index/resource_index
creating /home/amigopi/workspaces/amigo_ros2_pi/install/camera_control/share/ament_index/resource_index/packages
symbolically linking /home/amigopi/workspaces/amigo_ros2_pi/build/camera_control/resource/camera_control -> /home/amigopi/workspaces/amigo_ros2_pi/install/camera_control/share/ament_index/resource_index/packages
symbolically linking /home/amigopi/workspaces/amigo_ros2_pi/build/camera_control/package.xml -> /home/amigopi/workspaces/amigo_ros2_pi/install/camera_control/share/camera_control
