[2.775s] Invoking command in '/home/amigopi/workspaces/amigo_ros2_pi/build/camera_control': PYTHONPATH=/home/amigopi/workspaces/amigo_ros2_pi/build/camera_control/prefix_override:/usr/lib/python3/dist-packages/colcon_core/task/python/colcon_distutils_commands:/home/amigopi/workspaces/amigo_ros2_pi/install/camera_control/lib/python3.10/site-packages:${PYTHONPATH} /usr/bin/python3 -W ignore:setup.py install is deprecated -W ignore:easy_install command is deprecated setup.py develop --editable --build-directory /home/amigopi/workspaces/amigo_ros2_pi/build/camera_control/build --no-deps symlink_data
[3.788s] running develop
[4.323s] running egg_info
[4.324s] creating camera_control.egg-info
[4.324s] writing camera_control.egg-info/PKG-INFO
[4.325s] writing dependency_links to camera_control.egg-info/dependency_links.txt
[4.326s] writing entry points to camera_control.egg-info/entry_points.txt
[4.326s] writing requirements to camera_control.egg-info/requires.txt
[4.327s] writing top-level names to camera_control.egg-info/top_level.txt
[4.328s] writing manifest file 'camera_control.egg-info/SOURCES.txt'
[4.335s] reading manifest file 'camera_control.egg-info/SOURCES.txt'
[4.337s] writing manifest file 'camera_control.egg-info/SOURCES.txt'
[4.343s] running build_ext
[4.343s] Creating /home/amigopi/workspaces/amigo_ros2_pi/install/camera_control/lib/python3.10/site-packages/camera-control.egg-link (link to .)
[4.347s] Installing controller_service script to /home/amigopi/workspaces/amigo_ros2_pi/install/camera_control/lib/camera_control
[4.348s] Installing controller_test_node script to /home/amigopi/workspaces/amigo_ros2_pi/install/camera_control/lib/camera_control
[4.349s] 
[4.349s] Installed /home/amigopi/workspaces/amigo_ros2_pi/build/camera_control
[4.350s] running symlink_data
[4.350s] creating /home/amigopi/workspaces/amigo_ros2_pi/install/camera_control/share/ament_index
[4.351s] creating /home/amigopi/workspaces/amigo_ros2_pi/install/camera_control/share/ament_index/resource_index
[4.351s] creating /home/amigopi/workspaces/amigo_ros2_pi/install/camera_control/share/ament_index/resource_index/packages
[4.352s] symbolically linking /home/amigopi/workspaces/amigo_ros2_pi/build/camera_control/resource/camera_control -> /home/amigopi/workspaces/amigo_ros2_pi/install/camera_control/share/ament_index/resource_index/packages
[4.352s] symbolically linking /home/amigopi/workspaces/amigo_ros2_pi/build/camera_control/package.xml -> /home/amigopi/workspaces/amigo_ros2_pi/install/camera_control/share/camera_control
[4.485s] Invoked command in '/home/amigopi/workspaces/amigo_ros2_pi/build/camera_control' returned '0': PYTHONPATH=/home/amigopi/workspaces/amigo_ros2_pi/build/camera_control/prefix_override:/usr/lib/python3/dist-packages/colcon_core/task/python/colcon_distutils_commands:/home/amigopi/workspaces/amigo_ros2_pi/install/camera_control/lib/python3.10/site-packages:${PYTHONPATH} /usr/bin/python3 -W ignore:setup.py install is deprecated -W ignore:easy_install command is deprecated setup.py develop --editable --build-directory /home/amigopi/workspaces/amigo_ros2_pi/build/camera_control/build --no-deps symlink_data
