[0.054s] Invoking command in '/home/amigo-pi/amigo_ros2_pi/build/ublox_serialization': CMAKE_PREFIX_PATH=${CMAKE_PREFIX_PATH}:/home/amigo-pi/amigo_ros2_pi/install/camera_control:/opt/ros/humble /usr/bin/cmake /home/amigo-pi/amigo_ros2_pi/src/ros2-ublox-zedf9p/ublox_serialization -DCMAKE_INSTALL_PREFIX=/home/amigo-pi/amigo_ros2_pi/install/ublox_serialization
[0.964s] -- The C compiler identification is GNU 11.4.0
[1.740s] -- The CXX compiler identification is GNU 11.4.0
[1.778s] -- Detecting C compiler ABI info
[2.132s] -- Detecting C compiler ABI info - done
[2.159s] -- Check for working C compiler: /usr/bin/cc - skipped
[2.161s] -- Detecting C compile features
[2.164s] -- Detecting C compile features - done
[2.179s] -- Detecting CXX compiler ABI info
[2.564s] -- Detecting CXX compiler ABI info - done
[2.591s] -- Check for working CXX compiler: /usr/bin/c++ - skipped
[2.592s] -- Detecting CXX compile features
[2.593s] -- Detecting CXX compile features - done
[2.629s] -- Found ament_cmake: 1.3.11 (/opt/ros/humble/share/ament_cmake/cmake)
[3.402s] -- Found Python3: /usr/bin/python3 (found version "3.10.12") found components: Interpreter 
[4.291s] -- Configuring done
[4.316s] -- Generating done
[4.327s] -- Build files have been written to: /home/amigo-pi/amigo_ros2_pi/build/ublox_serialization
[4.347s] Invoked command in '/home/amigo-pi/amigo_ros2_pi/build/ublox_serialization' returned '0': CMAKE_PREFIX_PATH=${CMAKE_PREFIX_PATH}:/home/amigo-pi/amigo_ros2_pi/install/camera_control:/opt/ros/humble /usr/bin/cmake /home/amigo-pi/amigo_ros2_pi/src/ros2-ublox-zedf9p/ublox_serialization -DCMAKE_INSTALL_PREFIX=/home/amigo-pi/amigo_ros2_pi/install/ublox_serialization
[4.358s] Invoking command in '/home/amigo-pi/amigo_ros2_pi/build/ublox_serialization': CMAKE_PREFIX_PATH=${CMAKE_PREFIX_PATH}:/home/amigo-pi/amigo_ros2_pi/install/camera_control:/opt/ros/humble /usr/bin/cmake --build /home/amigo-pi/amigo_ros2_pi/build/ublox_serialization -- -j4 -l4
[4.523s] Invoked command in '/home/amigo-pi/amigo_ros2_pi/build/ublox_serialization' returned '0': CMAKE_PREFIX_PATH=${CMAKE_PREFIX_PATH}:/home/amigo-pi/amigo_ros2_pi/install/camera_control:/opt/ros/humble /usr/bin/cmake --build /home/amigo-pi/amigo_ros2_pi/build/ublox_serialization -- -j4 -l4
[4.576s] Invoking command in '/home/amigo-pi/amigo_ros2_pi/build/ublox_serialization': CMAKE_PREFIX_PATH=${CMAKE_PREFIX_PATH}:/home/amigo-pi/amigo_ros2_pi/install/camera_control:/opt/ros/humble /usr/bin/cmake --install /home/amigo-pi/amigo_ros2_pi/build/ublox_serialization
[4.606s] -- Install configuration: ""
[4.606s] -- Installing: /home/amigo-pi/amigo_ros2_pi/install/ublox_serialization/include
[4.607s] -- Installing: /home/amigo-pi/amigo_ros2_pi/install/ublox_serialization/include/ublox_serialization
[4.607s] -- Installing: /home/amigo-pi/amigo_ros2_pi/install/ublox_serialization/include/ublox_serialization/serialization.hpp
[4.610s] -- Installing: /home/amigo-pi/amigo_ros2_pi/install/ublox_serialization/include/ublox_serialization/checksum.hpp
[4.613s] -- Installing: /home/amigo-pi/amigo_ros2_pi/install/ublox_serialization/share/ament_index/resource_index/package_run_dependencies/ublox_serialization
[4.614s] -- Installing: /home/amigo-pi/amigo_ros2_pi/install/ublox_serialization/share/ament_index/resource_index/parent_prefix_path/ublox_serialization
[4.616s] -- Installing: /home/amigo-pi/amigo_ros2_pi/install/ublox_serialization/share/ublox_serialization/environment/ament_prefix_path.sh
[4.617s] -- Installing: /home/amigo-pi/amigo_ros2_pi/install/ublox_serialization/share/ublox_serialization/environment/ament_prefix_path.dsv
[4.619s] -- Installing: /home/amigo-pi/amigo_ros2_pi/install/ublox_serialization/share/ublox_serialization/environment/path.sh
[4.620s] -- Installing: /home/amigo-pi/amigo_ros2_pi/install/ublox_serialization/share/ublox_serialization/environment/path.dsv
[4.621s] -- Installing: /home/amigo-pi/amigo_ros2_pi/install/ublox_serialization/share/ublox_serialization/local_setup.bash
[4.622s] -- Installing: /home/amigo-pi/amigo_ros2_pi/install/ublox_serialization/share/ublox_serialization/local_setup.sh
[4.624s] -- Installing: /home/amigo-pi/amigo_ros2_pi/install/ublox_serialization/share/ublox_serialization/local_setup.zsh
[4.625s] -- Installing: /home/amigo-pi/amigo_ros2_pi/install/ublox_serialization/share/ublox_serialization/local_setup.dsv
[4.626s] -- Installing: /home/amigo-pi/amigo_ros2_pi/install/ublox_serialization/share/ublox_serialization/package.dsv
[4.628s] -- Installing: /home/amigo-pi/amigo_ros2_pi/install/ublox_serialization/share/ament_index/resource_index/packages/ublox_serialization
[4.629s] -- Installing: /home/amigo-pi/amigo_ros2_pi/install/ublox_serialization/share/ublox_serialization/cmake/ament_cmake_export_include_directories-extras.cmake
[4.631s] -- Installing: /home/amigo-pi/amigo_ros2_pi/install/ublox_serialization/share/ublox_serialization/cmake/ublox_serializationConfig.cmake
[4.632s] -- Installing: /home/amigo-pi/amigo_ros2_pi/install/ublox_serialization/share/ublox_serialization/cmake/ublox_serializationConfig-version.cmake
[4.633s] -- Installing: /home/amigo-pi/amigo_ros2_pi/install/ublox_serialization/share/ublox_serialization/package.xml
[4.640s] Invoked command in '/home/amigo-pi/amigo_ros2_pi/build/ublox_serialization' returned '0': CMAKE_PREFIX_PATH=${CMAKE_PREFIX_PATH}:/home/amigo-pi/amigo_ros2_pi/install/camera_control:/opt/ros/humble /usr/bin/cmake --install /home/amigo-pi/amigo_ros2_pi/build/ublox_serialization
