[0.787s] DEBUG:colcon:Command line arguments: ['/usr/bin/colcon', 'build', '--packages-select', 'camera_control', '--symlink-install']
[0.787s] DEBUG:colcon:Parsed command line arguments: Namespace(log_base=None, log_level=None, verb_name='build', build_base='build', install_base='install', merge_install=False, symlink_install=True, test_result_base=None, continue_on_error=False, executor='parallel', parallel_workers=4, event_handlers=None, ignore_user_meta=False, metas=['./colcon.meta'], base_paths=['.'], packages_ignore=None, packages_ignore_regex=None, paths=None, packages_up_to=None, packages_up_to_regex=None, packages_above=None, packages_above_and_dependencies=None, packages_above_depth=None, packages_select_by_dep=None, packages_skip_by_dep=None, packages_skip_up_to=None, packages_select_build_failed=False, packages_skip_build_finished=False, packages_select_test_failures=False, packages_skip_test_passed=False, packages_select=['camera_control'], packages_skip=None, packages_select_regex=None, packages_skip_regex=None, packages_start=None, packages_end=None, allow_overriding=[], cmake_args=None, cmake_target=None, cmake_target_skip_unavailable=False, cmake_clean_cache=False, cmake_clean_first=False, cmake_force_configure=False, ament_cmake_args=None, catkin_cmake_args=None, catkin_skip_building_tests=False, mixin_files=None, mixin=None, verb_parser=<colcon_mixin.mixin.mixin_argument.MixinArgumentDecorator object at 0xffff94f92650>, verb_extension=<colcon_core.verb.build.BuildVerb object at 0xffff9512f550>, main=<bound method BuildVerb.main of <colcon_core.verb.build.BuildVerb object at 0xffff9512f550>>, mixin_verb=('build',))
[2.402s] Level 1:colcon.colcon_core.package_discovery:discover_packages(colcon_meta) check parameters
[2.403s] Level 1:colcon.colcon_core.package_discovery:discover_packages(recursive) check parameters
[2.403s] Level 1:colcon.colcon_core.package_discovery:discover_packages(ignore) check parameters
[2.403s] Level 1:colcon.colcon_core.package_discovery:discover_packages(path) check parameters
[2.404s] Level 1:colcon.colcon_core.package_discovery:discover_packages(colcon_meta) discover
[2.404s] Level 1:colcon.colcon_core.package_discovery:discover_packages(recursive) discover
[2.404s] INFO:colcon.colcon_core.package_discovery:Crawling recursively for packages in '/home/amigo-pi/amigo_ros2_pi'
[2.405s] Level 1:colcon.colcon_core.package_identification:_identify(.) by extensions ['ignore', 'ignore_ament_install']
[2.405s] Level 1:colcon.colcon_core.package_identification:_identify(.) by extension 'ignore'
[2.405s] Level 1:colcon.colcon_core.package_identification:_identify(.) by extension 'ignore_ament_install'
[2.406s] Level 1:colcon.colcon_core.package_identification:_identify(.) by extensions ['colcon_pkg']
[2.406s] Level 1:colcon.colcon_core.package_identification:_identify(.) by extension 'colcon_pkg'
[2.406s] Level 1:colcon.colcon_core.package_identification:_identify(.) by extensions ['colcon_meta']
[2.406s] Level 1:colcon.colcon_core.package_identification:_identify(.) by extension 'colcon_meta'
[2.406s] Level 1:colcon.colcon_core.package_identification:_identify(.) by extensions ['ros']
[2.406s] Level 1:colcon.colcon_core.package_identification:_identify(.) by extension 'ros'
[2.474s] Level 1:colcon.colcon_core.package_identification:_identify(.) by extensions ['cmake', 'python']
[2.475s] Level 1:colcon.colcon_core.package_identification:_identify(.) by extension 'cmake'
[2.475s] Level 1:colcon.colcon_core.package_identification:_identify(.) by extension 'python'
[2.475s] Level 1:colcon.colcon_core.package_identification:_identify(.) by extensions ['python_setup_py']
[2.476s] Level 1:colcon.colcon_core.package_identification:_identify(.) by extension 'python_setup_py'
[2.476s] Level 1:colcon.colcon_core.package_identification:_identify(build) by extensions ['ignore', 'ignore_ament_install']
[2.477s] Level 1:colcon.colcon_core.package_identification:_identify(build) by extension 'ignore'
[2.477s] Level 1:colcon.colcon_core.package_identification:_identify(build) ignored
[2.478s] Level 1:colcon.colcon_core.package_identification:_identify(install) by extensions ['ignore', 'ignore_ament_install']
[2.478s] Level 1:colcon.colcon_core.package_identification:_identify(install) by extension 'ignore'
[2.478s] Level 1:colcon.colcon_core.package_identification:_identify(install) ignored
[2.479s] Level 1:colcon.colcon_core.package_identification:_identify(log) by extensions ['ignore', 'ignore_ament_install']
[2.479s] Level 1:colcon.colcon_core.package_identification:_identify(log) by extension 'ignore'
[2.479s] Level 1:colcon.colcon_core.package_identification:_identify(log) ignored
[2.480s] Level 1:colcon.colcon_core.package_identification:_identify(src) by extensions ['ignore', 'ignore_ament_install']
[2.480s] Level 1:colcon.colcon_core.package_identification:_identify(src) by extension 'ignore'
[2.480s] Level 1:colcon.colcon_core.package_identification:_identify(src) by extension 'ignore_ament_install'
[2.480s] Level 1:colcon.colcon_core.package_identification:_identify(src) by extensions ['colcon_pkg']
[2.480s] Level 1:colcon.colcon_core.package_identification:_identify(src) by extension 'colcon_pkg'
[2.481s] Level 1:colcon.colcon_core.package_identification:_identify(src) by extensions ['colcon_meta']
[2.481s] Level 1:colcon.colcon_core.package_identification:_identify(src) by extension 'colcon_meta'
[2.481s] Level 1:colcon.colcon_core.package_identification:_identify(src) by extensions ['ros']
[2.481s] Level 1:colcon.colcon_core.package_identification:_identify(src) by extension 'ros'
[2.481s] Level 1:colcon.colcon_core.package_identification:_identify(src) by extensions ['cmake', 'python']
[2.482s] Level 1:colcon.colcon_core.package_identification:_identify(src) by extension 'cmake'
[2.482s] Level 1:colcon.colcon_core.package_identification:_identify(src) by extension 'python'
[2.482s] Level 1:colcon.colcon_core.package_identification:_identify(src) by extensions ['python_setup_py']
[2.482s] Level 1:colcon.colcon_core.package_identification:_identify(src) by extension 'python_setup_py'
[2.483s] Level 1:colcon.colcon_core.package_identification:_identify(src/camera_control) by extensions ['ignore', 'ignore_ament_install']
[2.483s] Level 1:colcon.colcon_core.package_identification:_identify(src/camera_control) by extension 'ignore'
[2.483s] Level 1:colcon.colcon_core.package_identification:_identify(src/camera_control) by extension 'ignore_ament_install'
[2.484s] Level 1:colcon.colcon_core.package_identification:_identify(src/camera_control) by extensions ['colcon_pkg']
[2.484s] Level 1:colcon.colcon_core.package_identification:_identify(src/camera_control) by extension 'colcon_pkg'
[2.484s] Level 1:colcon.colcon_core.package_identification:_identify(src/camera_control) by extensions ['colcon_meta']
[2.484s] Level 1:colcon.colcon_core.package_identification:_identify(src/camera_control) by extension 'colcon_meta'
[2.484s] Level 1:colcon.colcon_core.package_identification:_identify(src/camera_control) by extensions ['ros']
[2.484s] Level 1:colcon.colcon_core.package_identification:_identify(src/camera_control) by extension 'ros'
[2.498s] DEBUG:colcon.colcon_core.package_identification:Package 'src/camera_control' with type 'ros.ament_python' and name 'camera_control'
[2.499s] Level 1:colcon.colcon_core.package_identification:_identify(src/ros2-ublox-zedf9p) by extensions ['ignore', 'ignore_ament_install']
[2.499s] Level 1:colcon.colcon_core.package_identification:_identify(src/ros2-ublox-zedf9p) by extension 'ignore'
[2.499s] Level 1:colcon.colcon_core.package_identification:_identify(src/ros2-ublox-zedf9p) by extension 'ignore_ament_install'
[2.500s] Level 1:colcon.colcon_core.package_identification:_identify(src/ros2-ublox-zedf9p) by extensions ['colcon_pkg']
[2.500s] Level 1:colcon.colcon_core.package_identification:_identify(src/ros2-ublox-zedf9p) by extension 'colcon_pkg'
[2.500s] Level 1:colcon.colcon_core.package_identification:_identify(src/ros2-ublox-zedf9p) by extensions ['colcon_meta']
[2.500s] Level 1:colcon.colcon_core.package_identification:_identify(src/ros2-ublox-zedf9p) by extension 'colcon_meta'
[2.501s] Level 1:colcon.colcon_core.package_identification:_identify(src/ros2-ublox-zedf9p) by extensions ['ros']
[2.501s] Level 1:colcon.colcon_core.package_identification:_identify(src/ros2-ublox-zedf9p) by extension 'ros'
[2.501s] Level 1:colcon.colcon_core.package_identification:_identify(src/ros2-ublox-zedf9p) by extensions ['cmake', 'python']
[2.501s] Level 1:colcon.colcon_core.package_identification:_identify(src/ros2-ublox-zedf9p) by extension 'cmake'
[2.502s] Level 1:colcon.colcon_core.package_identification:_identify(src/ros2-ublox-zedf9p) by extension 'python'
[2.502s] Level 1:colcon.colcon_core.package_identification:_identify(src/ros2-ublox-zedf9p) by extensions ['python_setup_py']
[2.502s] Level 1:colcon.colcon_core.package_identification:_identify(src/ros2-ublox-zedf9p) by extension 'python_setup_py'
[2.504s] Level 1:colcon.colcon_core.package_identification:_identify(src/ros2-ublox-zedf9p/pics) by extensions ['ignore', 'ignore_ament_install']
[2.504s] Level 1:colcon.colcon_core.package_identification:_identify(src/ros2-ublox-zedf9p/pics) by extension 'ignore'
[2.504s] Level 1:colcon.colcon_core.package_identification:_identify(src/ros2-ublox-zedf9p/pics) by extension 'ignore_ament_install'
[2.505s] Level 1:colcon.colcon_core.package_identification:_identify(src/ros2-ublox-zedf9p/pics) by extensions ['colcon_pkg']
[2.505s] Level 1:colcon.colcon_core.package_identification:_identify(src/ros2-ublox-zedf9p/pics) by extension 'colcon_pkg'
[2.505s] Level 1:colcon.colcon_core.package_identification:_identify(src/ros2-ublox-zedf9p/pics) by extensions ['colcon_meta']
[2.505s] Level 1:colcon.colcon_core.package_identification:_identify(src/ros2-ublox-zedf9p/pics) by extension 'colcon_meta'
[2.505s] Level 1:colcon.colcon_core.package_identification:_identify(src/ros2-ublox-zedf9p/pics) by extensions ['ros']
[2.506s] Level 1:colcon.colcon_core.package_identification:_identify(src/ros2-ublox-zedf9p/pics) by extension 'ros'
[2.506s] Level 1:colcon.colcon_core.package_identification:_identify(src/ros2-ublox-zedf9p/pics) by extensions ['cmake', 'python']
[2.506s] Level 1:colcon.colcon_core.package_identification:_identify(src/ros2-ublox-zedf9p/pics) by extension 'cmake'
[2.506s] Level 1:colcon.colcon_core.package_identification:_identify(src/ros2-ublox-zedf9p/pics) by extension 'python'
[2.507s] Level 1:colcon.colcon_core.package_identification:_identify(src/ros2-ublox-zedf9p/pics) by extensions ['python_setup_py']
[2.507s] Level 1:colcon.colcon_core.package_identification:_identify(src/ros2-ublox-zedf9p/pics) by extension 'python_setup_py'
[2.508s] Level 1:colcon.colcon_core.package_identification:_identify(src/ros2-ublox-zedf9p/ublox) by extensions ['ignore', 'ignore_ament_install']
[2.509s] Level 1:colcon.colcon_core.package_identification:_identify(src/ros2-ublox-zedf9p/ublox) by extension 'ignore'
[2.509s] Level 1:colcon.colcon_core.package_identification:_identify(src/ros2-ublox-zedf9p/ublox) by extension 'ignore_ament_install'
[2.509s] Level 1:colcon.colcon_core.package_identification:_identify(src/ros2-ublox-zedf9p/ublox) by extensions ['colcon_pkg']
[2.509s] Level 1:colcon.colcon_core.package_identification:_identify(src/ros2-ublox-zedf9p/ublox) by extension 'colcon_pkg'
[2.510s] Level 1:colcon.colcon_core.package_identification:_identify(src/ros2-ublox-zedf9p/ublox) by extensions ['colcon_meta']
[2.510s] Level 1:colcon.colcon_core.package_identification:_identify(src/ros2-ublox-zedf9p/ublox) by extension 'colcon_meta'
[2.510s] Level 1:colcon.colcon_core.package_identification:_identify(src/ros2-ublox-zedf9p/ublox) by extensions ['ros']
[2.510s] Level 1:colcon.colcon_core.package_identification:_identify(src/ros2-ublox-zedf9p/ublox) by extension 'ros'
[2.514s] DEBUG:colcon.colcon_core.package_identification:Package 'src/ros2-ublox-zedf9p/ublox' with type 'ros.ament_cmake' and name 'ublox'
[2.515s] Level 1:colcon.colcon_core.package_identification:_identify(src/ros2-ublox-zedf9p/ublox_gps) by extensions ['ignore', 'ignore_ament_install']
[2.516s] Level 1:colcon.colcon_core.package_identification:_identify(src/ros2-ublox-zedf9p/ublox_gps) by extension 'ignore'
[2.516s] Level 1:colcon.colcon_core.package_identification:_identify(src/ros2-ublox-zedf9p/ublox_gps) by extension 'ignore_ament_install'
[2.516s] Level 1:colcon.colcon_core.package_identification:_identify(src/ros2-ublox-zedf9p/ublox_gps) by extensions ['colcon_pkg']
[2.517s] Level 1:colcon.colcon_core.package_identification:_identify(src/ros2-ublox-zedf9p/ublox_gps) by extension 'colcon_pkg'
[2.517s] Level 1:colcon.colcon_core.package_identification:_identify(src/ros2-ublox-zedf9p/ublox_gps) by extensions ['colcon_meta']
[2.517s] Level 1:colcon.colcon_core.package_identification:_identify(src/ros2-ublox-zedf9p/ublox_gps) by extension 'colcon_meta'
[2.517s] Level 1:colcon.colcon_core.package_identification:_identify(src/ros2-ublox-zedf9p/ublox_gps) by extensions ['ros']
[2.517s] Level 1:colcon.colcon_core.package_identification:_identify(src/ros2-ublox-zedf9p/ublox_gps) by extension 'ros'
[2.524s] DEBUG:colcon.colcon_core.package_identification:Package 'src/ros2-ublox-zedf9p/ublox_gps' with type 'ros.ament_cmake' and name 'ublox_gps'
[2.526s] Level 1:colcon.colcon_core.package_identification:_identify(src/ros2-ublox-zedf9p/ublox_msgs) by extensions ['ignore', 'ignore_ament_install']
[2.526s] Level 1:colcon.colcon_core.package_identification:_identify(src/ros2-ublox-zedf9p/ublox_msgs) by extension 'ignore'
[2.526s] Level 1:colcon.colcon_core.package_identification:_identify(src/ros2-ublox-zedf9p/ublox_msgs) by extension 'ignore_ament_install'
[2.527s] Level 1:colcon.colcon_core.package_identification:_identify(src/ros2-ublox-zedf9p/ublox_msgs) by extensions ['colcon_pkg']
[2.527s] Level 1:colcon.colcon_core.package_identification:_identify(src/ros2-ublox-zedf9p/ublox_msgs) by extension 'colcon_pkg'
[2.527s] Level 1:colcon.colcon_core.package_identification:_identify(src/ros2-ublox-zedf9p/ublox_msgs) by extensions ['colcon_meta']
[2.527s] Level 1:colcon.colcon_core.package_identification:_identify(src/ros2-ublox-zedf9p/ublox_msgs) by extension 'colcon_meta'
[2.527s] Level 1:colcon.colcon_core.package_identification:_identify(src/ros2-ublox-zedf9p/ublox_msgs) by extensions ['ros']
[2.527s] Level 1:colcon.colcon_core.package_identification:_identify(src/ros2-ublox-zedf9p/ublox_msgs) by extension 'ros'
[2.531s] DEBUG:colcon.colcon_core.package_identification:Package 'src/ros2-ublox-zedf9p/ublox_msgs' with type 'ros.ament_cmake' and name 'ublox_msgs'
[2.532s] Level 1:colcon.colcon_core.package_identification:_identify(src/ros2-ublox-zedf9p/ublox_serialization) by extensions ['ignore', 'ignore_ament_install']
[2.533s] Level 1:colcon.colcon_core.package_identification:_identify(src/ros2-ublox-zedf9p/ublox_serialization) by extension 'ignore'
[2.533s] Level 1:colcon.colcon_core.package_identification:_identify(src/ros2-ublox-zedf9p/ublox_serialization) by extension 'ignore_ament_install'
[2.533s] Level 1:colcon.colcon_core.package_identification:_identify(src/ros2-ublox-zedf9p/ublox_serialization) by extensions ['colcon_pkg']
[2.534s] Level 1:colcon.colcon_core.package_identification:_identify(src/ros2-ublox-zedf9p/ublox_serialization) by extension 'colcon_pkg'
[2.534s] Level 1:colcon.colcon_core.package_identification:_identify(src/ros2-ublox-zedf9p/ublox_serialization) by extensions ['colcon_meta']
[2.534s] Level 1:colcon.colcon_core.package_identification:_identify(src/ros2-ublox-zedf9p/ublox_serialization) by extension 'colcon_meta'
[2.534s] Level 1:colcon.colcon_core.package_identification:_identify(src/ros2-ublox-zedf9p/ublox_serialization) by extensions ['ros']
[2.534s] Level 1:colcon.colcon_core.package_identification:_identify(src/ros2-ublox-zedf9p/ublox_serialization) by extension 'ros'
[2.537s] DEBUG:colcon.colcon_core.package_identification:Package 'src/ros2-ublox-zedf9p/ublox_serialization' with type 'ros.ament_cmake' and name 'ublox_serialization'
[2.538s] Level 1:colcon.colcon_core.package_identification:_identify(src/sensor_integration) by extensions ['ignore', 'ignore_ament_install']
[2.539s] Level 1:colcon.colcon_core.package_identification:_identify(src/sensor_integration) by extension 'ignore'
[2.539s] Level 1:colcon.colcon_core.package_identification:_identify(src/sensor_integration) by extension 'ignore_ament_install'
[2.540s] Level 1:colcon.colcon_core.package_identification:_identify(src/sensor_integration) by extensions ['colcon_pkg']
[2.540s] Level 1:colcon.colcon_core.package_identification:_identify(src/sensor_integration) by extension 'colcon_pkg'
[2.540s] Level 1:colcon.colcon_core.package_identification:_identify(src/sensor_integration) by extensions ['colcon_meta']
[2.540s] Level 1:colcon.colcon_core.package_identification:_identify(src/sensor_integration) by extension 'colcon_meta'
[2.540s] Level 1:colcon.colcon_core.package_identification:_identify(src/sensor_integration) by extensions ['ros']
[2.540s] Level 1:colcon.colcon_core.package_identification:_identify(src/sensor_integration) by extension 'ros'
[2.544s] DEBUG:colcon.colcon_core.package_identification:Package 'src/sensor_integration' with type 'ros.ament_python' and name 'sensor_integration'
[2.545s] Level 1:colcon.colcon_core.package_discovery:discover_packages(recursive) using defaults
[2.545s] Level 1:colcon.colcon_core.package_discovery:discover_packages(ignore) discover
[2.545s] Level 1:colcon.colcon_core.package_discovery:discover_packages(ignore) using defaults
[2.545s] Level 1:colcon.colcon_core.package_discovery:discover_packages(path) discover
[2.545s] Level 1:colcon.colcon_core.package_discovery:discover_packages(path) using defaults
[2.712s] INFO:colcon.colcon_core.package_selection:Skipping not selected package 'sensor_integration' in 'src/sensor_integration'
[2.712s] INFO:colcon.colcon_core.package_selection:Skipping not selected package 'ublox_serialization' in 'src/ros2-ublox-zedf9p/ublox_serialization'
[2.712s] INFO:colcon.colcon_core.package_selection:Skipping not selected package 'ublox_msgs' in 'src/ros2-ublox-zedf9p/ublox_msgs'
[2.713s] INFO:colcon.colcon_core.package_selection:Skipping not selected package 'ublox_gps' in 'src/ros2-ublox-zedf9p/ublox_gps'
[2.713s] INFO:colcon.colcon_core.package_selection:Skipping not selected package 'ublox' in 'src/ros2-ublox-zedf9p/ublox'
[2.716s] Level 1:colcon.colcon_core.package_discovery:discover_packages(prefix_path) check parameters
[2.716s] Level 1:colcon.colcon_core.package_discovery:discover_packages(prefix_path) discover
[2.734s] DEBUG:colcon.colcon_installed_package_information.package_discovery:Found 6 installed packages in /home/amigo-pi/amigo_ros2_pi/install
[2.744s] DEBUG:colcon.colcon_installed_package_information.package_discovery:Found 272 installed packages in /opt/ros/humble
[2.750s] Level 1:colcon.colcon_core.package_discovery:discover_packages(prefix_path) using defaults
[2.944s] Level 5:colcon.colcon_core.verb:set package 'camera_control' build argument 'cmake_args' from command line to 'None'
[2.944s] Level 5:colcon.colcon_core.verb:set package 'camera_control' build argument 'cmake_target' from command line to 'None'
[2.944s] Level 5:colcon.colcon_core.verb:set package 'camera_control' build argument 'cmake_target_skip_unavailable' from command line to 'False'
[2.944s] Level 5:colcon.colcon_core.verb:set package 'camera_control' build argument 'cmake_clean_cache' from command line to 'False'
[2.944s] Level 5:colcon.colcon_core.verb:set package 'camera_control' build argument 'cmake_clean_first' from command line to 'False'
[2.945s] Level 5:colcon.colcon_core.verb:set package 'camera_control' build argument 'cmake_force_configure' from command line to 'False'
[2.945s] Level 5:colcon.colcon_core.verb:set package 'camera_control' build argument 'ament_cmake_args' from command line to 'None'
[2.945s] Level 5:colcon.colcon_core.verb:set package 'camera_control' build argument 'catkin_cmake_args' from command line to 'None'
[2.945s] Level 5:colcon.colcon_core.verb:set package 'camera_control' build argument 'catkin_skip_building_tests' from command line to 'False'
[2.945s] DEBUG:colcon.colcon_core.verb:Building package 'camera_control' with the following arguments: {'ament_cmake_args': None, 'build_base': '/home/amigo-pi/amigo_ros2_pi/build/camera_control', 'catkin_cmake_args': None, 'catkin_skip_building_tests': False, 'cmake_args': None, 'cmake_clean_cache': False, 'cmake_clean_first': False, 'cmake_force_configure': False, 'cmake_target': None, 'cmake_target_skip_unavailable': False, 'install_base': '/home/amigo-pi/amigo_ros2_pi/install/camera_control', 'merge_install': False, 'path': '/home/amigo-pi/amigo_ros2_pi/src/camera_control', 'symlink_install': True, 'test_result_base': None}
[2.946s] INFO:colcon.colcon_core.executor:Executing jobs using 'parallel' executor
[2.949s] DEBUG:colcon.colcon_parallel_executor.executor.parallel:run_until_complete
[2.950s] INFO:colcon.colcon_ros.task.ament_python.build:Building ROS package in '/home/amigo-pi/amigo_ros2_pi/src/camera_control' with build type 'ament_python'
[2.950s] Level 1:colcon.colcon_core.shell:create_environment_hook('camera_control', 'ament_prefix_path')
[2.976s] INFO:colcon.colcon_core.plugin_system:Skipping extension 'colcon_core.shell.bat': Not used on non-Windows systems
[2.977s] INFO:colcon.colcon_core.shell:Creating environment hook '/home/amigo-pi/amigo_ros2_pi/install/camera_control/share/camera_control/hook/ament_prefix_path.ps1'
[2.983s] INFO:colcon.colcon_core.shell:Creating environment descriptor '/home/amigo-pi/amigo_ros2_pi/install/camera_control/share/camera_control/hook/ament_prefix_path.dsv'
[2.989s] INFO:colcon.colcon_core.shell:Creating environment hook '/home/amigo-pi/amigo_ros2_pi/install/camera_control/share/camera_control/hook/ament_prefix_path.sh'
[2.996s] INFO:colcon.colcon_core.shell:Skip shell extension 'powershell' for command environment: Not usable outside of PowerShell
[2.997s] DEBUG:colcon.colcon_core.shell:Skip shell extension 'dsv' for command environment
[4.733s] INFO:colcon.colcon_core.task.python.build:Building Python package in '/home/amigo-pi/amigo_ros2_pi/src/camera_control'
[4.734s] INFO:colcon.colcon_core.shell:Skip shell extension 'powershell' for command environment: Not usable outside of PowerShell
[4.735s] DEBUG:colcon.colcon_core.shell:Skip shell extension 'dsv' for command environment
[6.923s] DEBUG:colcon.colcon_core.event_handler.log_command:Invoking command in '/home/amigo-pi/amigo_ros2_pi/build/camera_control': PYTHONPATH=/home/amigo-pi/amigo_ros2_pi/build/camera_control/prefix_override:/usr/lib/python3/dist-packages/colcon_core/task/python/colcon_distutils_commands:/home/amigo-pi/amigo_ros2_pi/install/camera_control/lib/python3.10/site-packages:${PYTHONPATH} /usr/bin/python3 -W ignore:setup.py install is deprecated -W ignore:easy_install command is deprecated setup.py develop --editable --build-directory /home/amigo-pi/amigo_ros2_pi/build/camera_control/build --no-deps symlink_data
[9.386s] Level 1:colcon.colcon_core.shell:create_environment_hook('camera_control', 'pythonpath_develop')
[9.387s] INFO:colcon.colcon_core.shell:Creating environment hook '/home/amigo-pi/amigo_ros2_pi/build/camera_control/share/camera_control/hook/pythonpath_develop.ps1'
[9.388s] DEBUG:colcon.colcon_core.event_handler.log_command:Invoked command in '/home/amigo-pi/amigo_ros2_pi/build/camera_control' returned '0': PYTHONPATH=/home/amigo-pi/amigo_ros2_pi/build/camera_control/prefix_override:/usr/lib/python3/dist-packages/colcon_core/task/python/colcon_distutils_commands:/home/amigo-pi/amigo_ros2_pi/install/camera_control/lib/python3.10/site-packages:${PYTHONPATH} /usr/bin/python3 -W ignore:setup.py install is deprecated -W ignore:easy_install command is deprecated setup.py develop --editable --build-directory /home/amigo-pi/amigo_ros2_pi/build/camera_control/build --no-deps symlink_data
[9.390s] INFO:colcon.colcon_core.shell:Creating environment descriptor '/home/amigo-pi/amigo_ros2_pi/build/camera_control/share/camera_control/hook/pythonpath_develop.dsv'
[9.392s] INFO:colcon.colcon_core.shell:Creating environment hook '/home/amigo-pi/amigo_ros2_pi/build/camera_control/share/camera_control/hook/pythonpath_develop.sh'
[9.421s] Level 1:colcon.colcon_core.environment:checking '/home/amigo-pi/amigo_ros2_pi/install/camera_control' for CMake module files
[9.425s] Level 1:colcon.colcon_core.environment:checking '/home/amigo-pi/amigo_ros2_pi/install/camera_control' for CMake config files
[9.430s] Level 1:colcon.colcon_core.environment:checking '/home/amigo-pi/amigo_ros2_pi/install/camera_control/lib'
[9.431s] Level 1:colcon.colcon_core.environment:checking '/home/amigo-pi/amigo_ros2_pi/install/camera_control/bin'
[9.431s] Level 1:colcon.colcon_core.environment:checking '/home/amigo-pi/amigo_ros2_pi/install/camera_control/lib/pkgconfig/camera_control.pc'
[9.432s] Level 1:colcon.colcon_core.environment:checking '/home/amigo-pi/amigo_ros2_pi/install/camera_control/lib/python3.10/site-packages'
[9.432s] Level 1:colcon.colcon_core.shell:create_environment_hook('camera_control', 'pythonpath')
[9.433s] INFO:colcon.colcon_core.shell:Creating environment hook '/home/amigo-pi/amigo_ros2_pi/install/camera_control/share/camera_control/hook/pythonpath.ps1'
[9.436s] INFO:colcon.colcon_core.shell:Creating environment descriptor '/home/amigo-pi/amigo_ros2_pi/install/camera_control/share/camera_control/hook/pythonpath.dsv'
[9.439s] INFO:colcon.colcon_core.shell:Creating environment hook '/home/amigo-pi/amigo_ros2_pi/install/camera_control/share/camera_control/hook/pythonpath.sh'
[9.442s] Level 1:colcon.colcon_core.environment:checking '/home/amigo-pi/amigo_ros2_pi/install/camera_control/bin'
[9.442s] Level 1:colcon.colcon_core.environment:create_environment_scripts_only(camera_control)
[9.444s] INFO:colcon.colcon_core.shell:Creating package script '/home/amigo-pi/amigo_ros2_pi/install/camera_control/share/camera_control/package.ps1'
[9.448s] INFO:colcon.colcon_core.shell:Creating package descriptor '/home/amigo-pi/amigo_ros2_pi/install/camera_control/share/camera_control/package.dsv'
[9.453s] INFO:colcon.colcon_core.shell:Creating package script '/home/amigo-pi/amigo_ros2_pi/install/camera_control/share/camera_control/package.sh'
[9.458s] INFO:colcon.colcon_core.shell:Creating package script '/home/amigo-pi/amigo_ros2_pi/install/camera_control/share/camera_control/package.bash'
[9.464s] INFO:colcon.colcon_core.shell:Creating package script '/home/amigo-pi/amigo_ros2_pi/install/camera_control/share/camera_control/package.zsh'
[9.470s] Level 1:colcon.colcon_core.environment:create_file_with_runtime_dependencies(/home/amigo-pi/amigo_ros2_pi/install/camera_control/share/colcon-core/packages/camera_control)
[9.471s] DEBUG:colcon.colcon_parallel_executor.executor.parallel:closing loop
[9.473s] DEBUG:colcon.colcon_parallel_executor.executor.parallel:loop closed
[9.473s] DEBUG:colcon.colcon_parallel_executor.executor.parallel:run_until_complete finished with '0'
[9.474s] DEBUG:colcon.colcon_core.event_reactor:joining thread
[9.507s] INFO:colcon.colcon_core.plugin_system:Skipping extension 'colcon_notification.desktop_notification.terminal_notifier': Not used on non-Darwin systems
[9.508s] INFO:colcon.colcon_core.plugin_system:Skipping extension 'colcon_notification.desktop_notification.win32': Not used on non-Windows systems
[9.508s] INFO:colcon.colcon_notification.desktop_notification:Sending desktop notification using 'notify2'
[9.612s] DEBUG:colcon.colcon_core.event_reactor:joined thread
[9.614s] INFO:colcon.colcon_core.shell:Creating prefix script '/home/amigo-pi/amigo_ros2_pi/install/local_setup.ps1'
[9.621s] INFO:colcon.colcon_core.shell:Creating prefix util module '/home/amigo-pi/amigo_ros2_pi/install/_local_setup_util_ps1.py'
[9.632s] INFO:colcon.colcon_core.shell:Creating prefix chain script '/home/amigo-pi/amigo_ros2_pi/install/setup.ps1'
[9.642s] INFO:colcon.colcon_core.shell:Creating prefix script '/home/amigo-pi/amigo_ros2_pi/install/local_setup.sh'
[9.648s] INFO:colcon.colcon_core.shell:Creating prefix util module '/home/amigo-pi/amigo_ros2_pi/install/_local_setup_util_sh.py'
[9.651s] INFO:colcon.colcon_core.shell:Creating prefix chain script '/home/amigo-pi/amigo_ros2_pi/install/setup.sh'
[9.660s] INFO:colcon.colcon_core.shell:Creating prefix script '/home/amigo-pi/amigo_ros2_pi/install/local_setup.bash'
[9.664s] INFO:colcon.colcon_core.shell:Creating prefix chain script '/home/amigo-pi/amigo_ros2_pi/install/setup.bash'
[9.672s] INFO:colcon.colcon_core.shell:Creating prefix script '/home/amigo-pi/amigo_ros2_pi/install/local_setup.zsh'
[9.678s] INFO:colcon.colcon_core.shell:Creating prefix chain script '/home/amigo-pi/amigo_ros2_pi/install/setup.zsh'
